Archive member included to satisfy reference by file (symbol)

c:/devkitpro/devkitarm/bin/../lib/gcc/arm-none-eabi/8.1.0/../../../../arm-none-eabi/lib\libheart.a(interrupt.o)
                              main.o (hrt_InitIRQ)
c:/devkitpro/devkitarm/bin/../lib/gcc/arm-none-eabi/8.1.0/../../../../arm-none-eabi/lib\libheart.a(bios.o)
                              main.o (hrt_VblankIntrWait)
c:/devkitpro/devkitarm/bin/../lib/gcc/arm-none-eabi/8.1.0/../../../../arm-none-eabi/lib\libheart.a(text.o)
                              main.o (hrt_InitTextEngine)
c:/devkitpro/devkitarm/bin/../lib/gcc/arm-none-eabi/8.1.0/../../../../arm-none-eabi/lib\libheart.a(video.o)
                              main.o (hrt_DSPSetBGMode)
c:/devkitpro/devkitarm/bin/../lib/gcc/arm-none-eabi/8.1.0/../../../../arm-none-eabi/lib\libheart.a(font.o)
                              c:/devkitpro/devkitarm/bin/../lib/gcc/arm-none-eabi/8.1.0/../../../../arm-none-eabi/lib\libheart.a(text.o) (font_matrixBitmap)
c:/devkitpro/devkitarm/bin/../lib/gcc/arm-none-eabi/8.1.0/../../../../arm-none-eabi/lib\libheart.a(misc.o)
                              c:/devkitpro/devkitarm/bin/../lib/gcc/arm-none-eabi/8.1.0/../../../../arm-none-eabi/lib\libheart.a(video.o) (hrt_DMACopy)
c:/devkitpro/devkitarm/bin/../lib/gcc/arm-none-eabi/8.1.0/../../../../arm-none-eabi/lib\libheart.a(intdispatch.o)
                              c:/devkitpro/devkitarm/bin/../lib/gcc/arm-none-eabi/8.1.0/../../../../arm-none-eabi/lib\libheart.a(interrupt.o) (IntrMain)
c:/devkitpro/devkitarm/bin/../lib/gcc/arm-none-eabi/8.1.0/../../../../arm-none-eabi/lib\libheart.a(rtc.o)
                              c:/devkitpro/devkitarm/bin/../lib/gcc/arm-none-eabi/8.1.0/../../../../arm-none-eabi/lib\libheart.a(misc.o) (gettime)
c:/devkitpro/devkitarm/bin/../lib/gcc/arm-none-eabi/8.1.0/../../../../arm-none-eabi/lib/thumb\libg.a(lib_a-init.o)
                              c:/devkitpro/devkitarm/bin/../lib/gcc/arm-none-eabi/8.1.0/../../../../arm-none-eabi/lib/thumb/gba_crt0.o (__libc_init_array)
c:/devkitpro/devkitarm/bin/../lib/gcc/arm-none-eabi/8.1.0/../../../../arm-none-eabi/lib/thumb\libg.a(lib_a-strcpy.o)
                              c:/devkitpro/devkitarm/bin/../lib/gcc/arm-none-eabi/8.1.0/../../../../arm-none-eabi/lib\libheart.a(misc.o) (strcpy)
c:/devkitpro/devkitarm/bin/../lib/gcc/arm-none-eabi/8.1.0/../../../../arm-none-eabi/lib/thumb\libg.a(lib_a-vsprintf.o)
                              c:/devkitpro/devkitarm/bin/../lib/gcc/arm-none-eabi/8.1.0/../../../../arm-none-eabi/lib\libheart.a(text.o) (vsprintf)
c:/devkitpro/devkitarm/bin/../lib/gcc/arm-none-eabi/8.1.0/../../../../arm-none-eabi/lib/thumb\libg.a(lib_a-svfprintf.o)
                              c:/devkitpro/devkitarm/bin/../lib/gcc/arm-none-eabi/8.1.0/../../../../arm-none-eabi/lib/thumb\libg.a(lib_a-vsprintf.o) (_svfprintf_r)
c:/devkitpro/devkitarm/bin/../lib/gcc/arm-none-eabi/8.1.0/../../../../arm-none-eabi/lib/thumb\libg.a(lib_a-wcrtomb.o)
                              c:/devkitpro/devkitarm/bin/../lib/gcc/arm-none-eabi/8.1.0/../../../../arm-none-eabi/lib/thumb\libg.a(lib_a-svfprintf.o) (_wcrtomb_r)
c:/devkitpro/devkitarm/bin/../lib/gcc/arm-none-eabi/8.1.0/../../../../arm-none-eabi/lib/thumb\libg.a(lib_a-wcsrtombs.o)
                              c:/devkitpro/devkitarm/bin/../lib/gcc/arm-none-eabi/8.1.0/../../../../arm-none-eabi/lib/thumb\libg.a(lib_a-svfprintf.o) (_wcsrtombs_r)
c:/devkitpro/devkitarm/bin/../lib/gcc/arm-none-eabi/8.1.0/../../../../arm-none-eabi/lib/thumb\libg.a(lib_a-dtoa.o)
                              c:/devkitpro/devkitarm/bin/../lib/gcc/arm-none-eabi/8.1.0/../../../../arm-none-eabi/lib/thumb\libg.a(lib_a-svfprintf.o) (_dtoa_r)
c:/devkitpro/devkitarm/bin/../lib/gcc/arm-none-eabi/8.1.0/../../../../arm-none-eabi/lib/thumb\libg.a(lib_a-freer.o)
                              c:/devkitpro/devkitarm/bin/../lib/gcc/arm-none-eabi/8.1.0/../../../../arm-none-eabi/lib/thumb\libg.a(lib_a-svfprintf.o) (_free_r)
c:/devkitpro/devkitarm/bin/../lib/gcc/arm-none-eabi/8.1.0/../../../../arm-none-eabi/lib/thumb\libg.a(lib_a-localeconv.o)
                              c:/devkitpro/devkitarm/bin/../lib/gcc/arm-none-eabi/8.1.0/../../../../arm-none-eabi/lib/thumb\libg.a(lib_a-svfprintf.o) (_localeconv_r)
c:/devkitpro/devkitarm/bin/../lib/gcc/arm-none-eabi/8.1.0/../../../../arm-none-eabi/lib/thumb\libg.a(lib_a-locale.o)
                              c:/devkitpro/devkitarm/bin/../lib/gcc/arm-none-eabi/8.1.0/../../../../arm-none-eabi/lib/thumb\libg.a(lib_a-svfprintf.o) (__global_locale)
c:/devkitpro/devkitarm/bin/../lib/gcc/arm-none-eabi/8.1.0/../../../../arm-none-eabi/lib/thumb\libg.a(lib_a-mallocr.o)
                              c:/devkitpro/devkitarm/bin/../lib/gcc/arm-none-eabi/8.1.0/../../../../arm-none-eabi/lib/thumb\libg.a(lib_a-svfprintf.o) (_malloc_r)
c:/devkitpro/devkitarm/bin/../lib/gcc/arm-none-eabi/8.1.0/../../../../arm-none-eabi/lib/thumb\libg.a(lib_a-mbtowc_r.o)
[...]
Memory Configuration

Name             Origin             Length             Attributes
rom              0x0000000008000000 0x0000000002000000
iwram            0x0000000003000000 0x0000000000008000
ewram            0x0000000002000000 0x0000000000040000
*default*        0x0000000000000000 0xffffffffffffffff

Linker script and memory map

                0x0000000008000000                __text_start = ORIGIN (rom)
                0x0000000002040000                __eheap_end = (ORIGIN (ewram) + LENGTH (ewram))
                0x0000000003000000                __iwram_start = ORIGIN (iwram)
                0x0000000003008000                __iwram_top = (ORIGIN (iwram) + LENGTH (iwram))
                0x0000000003007fa0                __sp_irq = (__iwram_top - 0x60)
                0x0000000003007f00                __sp_usr = (__sp_irq - 0xa0)
                0x0000000003007ff8                __irq_flags = 0x3007ff8
                0x0000000008000000                . = __text_start

.crt0           0x0000000008000000      0x210
 *(.crt0)
 .crt0          0x0000000008000000      0x210 c:/devkitpro/devkitarm/bin/../lib/gcc/arm-none-eabi/8.1.0/../../../../arm-none-eabi/lib/thumb/gba_crt0.o
                0x0000000008000000                _start
                0x00000000080000c4                __boot_method
                0x00000000080000c5                __slave_number
                0x00000000080000e0                start_vector
                0x0000000008000210                . = ALIGN (0x4)

.init           0x0000000008000210        0xc
 *(SORT_NONE(.init))
 .init          0x0000000008000210        0x4 c:/devkitpro/devkitarm/bin/../lib/gcc/arm-none-eabi/8.1.0/thumb/crti.o
                0x0000000008000210                _init
 .init          0x0000000008000214        0x8 c:/devkitpro/devkitarm/bin/../lib/gcc/arm-none-eabi/8.1.0/thumb/crtn.o

.plt            0x000000000800021c        0x0
 *(.plt)
                0x000000000800021c                . = ALIGN (0x4)

.text           0x0000000008000220     0x7098
 *(EXCLUDE_FILE(*.iwram*) .text)
 .text          0x0000000008000220      0x168 c:/devkitpro/devkitarm/bin/../lib/gcc/arm-none-eabi/8.1.0/../../../../arm-none-eabi/lib\libheart.a(interrupt.o)
                0x0000000008000220                dummy
                0x0000000008000224                hrt_InitIRQ
                0x0000000008000268                hrt_SetIRQ
                0x00000000080002b4                hrt_EnableIRQ
                0x0000000008000310                hrt_IsIRQEnabled
                0x000000000800032c                hrt_DisableIRQ
 .text          0x0000000008000388       0xc0 c:/devkitpro/devkitarm/bin/../lib/gcc/arm-none-eabi/8.1.0/../../../../arm-none-eabi/lib\libheart.a(bios.o)
                0x0000000008000388                hrt_SoftReset
                0x000000000800038c                hrt_RegisterRamReset
                0x0000000008000390                hrt_Halt
                0x0000000008000394                hrt_Stop
                0x0000000008000398                hrt_IntrWait
                0x000000000800039c                hrt_VblankIntrWait
                0x00000000080003a0                hrt_Div
                0x00000000080003a4                hrt_DivMod
                0x00000000080003aa                hrt_DivAbs
                0x00000000080003b0                hrt_DivArm
                0x00000000080003b4                hrt_DivArmMod
                0x00000000080003ba                hrt_DivArmAbs
                0x00000000080003c0                hrt_Sqrt
                0x00000000080003cc                hrt_CpuSet
                0x00000000080003d0                hrt_CpuFastSet
                0x00000000080003d4                hrt_GetBiosChecksum
                0x00000000080003d8                hrt_BgAffineSet
                0x00000000080003dc                hrt_ObjAffineSet
                0x00000000080003e0                hrt_BitUnPack
                0x00000000080003e4                hrt_LZ77UnCompWram
                0x00000000080003e8                hrt_LZ77UnCompVram
                0x00000000080003ec                hrt_HuffUnComp
                0x00000000080003f0                hrt_RLUnCompWram
                0x00000000080003f4                hrt_RLUnCompVram
                0x00000000080003f8                hrt_Diff8bitUnFilterWram
                0x00000000080003fc                hrt_Diff8bitUnFilterVram
                0x0000000008000400                hrt_Diff16bitUnFilter
                0x0000000008000404                hrt_SoundDriverInit
                0x0000000008000408                hrt_SoundDriverMode
                0x000000000800040c                hrt_SoundDriverMain
                0x0000000008000410                hrt_SoundDriverVSync
                0x0000000008000414                hrt_SoundChannelClear
                0x0000000008000418                hrt_MidiKey2Freq
                0x000000000800041c                hrt_SoundWhatever0
                0x0000000008000420                hrt_SoundWhatever1
                0x0000000008000424                hrt_SoundWhatever2
                0x0000000008000428                hrt_SoundWhatever3
                0x000000000800042c                hrt_SoundWhatever4
                0x0000000008000430                hrt_MultiBoot
                0x0000000008000434                hrt_HardReset
                0x0000000008000438                hrt_CustomHalt
                0x000000000800043c                hrt_SoundDriverVSyncOff
                0x0000000008000440                hrt_SoundDriverVSyncOn
                0x0000000008000444                hrt_SoundGetJumpList
 .text          0x0000000008000448      0x100 c:/devkitpro/devkitarm/bin/../lib/gcc/arm-none-eabi/8.1.0/../../../../arm-none-eabi/lib\libheart.a(text.o)
                0x0000000008000448                hrt_InitTextEngine
                0x00000000080004c4                hrt_Print
 .text          0x0000000008000548      0x304 c:/devkitpro/devkitarm/bin/../lib/gcc/arm-none-eabi/8.1.0/../../../../arm-none-eabi/lib\libheart.a(video.o)
                0x0000000008000548                hrt_LoadDataIntoVRAM
                0x0000000008000588                hrt_DSPSetBGMode
                0x00000000080005a0                hrt_DSPConfigureBG
                0x00000000080005b4                hrt_GenerateColorFromRGB
                0x00000000080005c8                hrt_DSPEnableBG
                0x00000000080005e4                hrt_DSPDisableBG
                0x0000000008000600                hrt_DSPEnableOBJ
                0x0000000008000614                hrt_DSPDisableOBJ
                0x0000000008000628                hrt_DSPConfigBG
                0x0000000008000678                hrt_SetBGXY
                0x00000000080006a0                hrt_SetBGX
                0x00000000080006bc                hrt_SetBGY
                0x00000000080006d4                hrt_InvertPalette
                0x0000000008000704                hrt_PlotPixelInMode3
                0x0000000008000724                hrt_DrawLine3
                0x0000000008000824                hrt_DSPEnableForceBlank
                0x0000000008000838                hrt_DSPDisableForceBlank
 .text          0x000000000800084c      0x12c c:/devkitpro/devkitarm/bin/../lib/gcc/arm-none-eabi/8.1.0/../../../../arm-none-eabi/lib\libheart.a(misc.o)
                0x000000000800084c                hrt_PrintRTCTimeIntoString
                0x00000000080008fc                hrt_DMACopy
                0x0000000008000928                hrt_DMAClear
                0x0000000008000950                hrt_DetectPogoshell
                0x0000000008000970                hrt_GetHeartLibVersion
 .text          0x0000000008000978       0x14 c:/devkitpro/devkitarm/bin/../lib/gcc/arm-none-eabi/8.1.0/thumb\libgcc.a(_thumb1_case_uqi.o)
                0x0000000008000978                __gnu_thumb1_case_uqi
 .text          0x000000000800098c       0x14 c:/devkitpro/devkitarm/bin/../lib/gcc/arm-none-eabi/8.1.0/thumb\libgcc.a(_thumb1_case_uhi.o)
                0x000000000800098c                __gnu_thumb1_case_uhi
 .text          0x00000000080009a0      0x11c c:/devkitpro/devkitarm/bin/../lib/gcc/arm-none-eabi/8.1.0/thumb\libgcc.a(_udivsi3.o)
                0x00000000080009a0                __aeabi_uidiv
                0x00000000080009a0                __udivsi3
                0x0000000008000a9c                __aeabi_uidivmod
 .text          0x0000000008000abc      0x150 c:/devkitpro/devkitarm/bin/../lib/gcc/arm-none-eabi/8.1.0/thumb\libgcc.a(_divsi3.o)
                0x0000000008000abc                __divsi3
                0x0000000008000abc                __aeabi_idiv
                0x0000000008000bec                __aeabi_idivmod
 .text          0x0000000008000c0c        0x4 c:/devkitpro/devkitarm/bin/../lib/gcc/arm-none-eabi/8.1.0/thumb\libgcc.a(_dvmd_tls.o)
                0x0000000008000c0c                __aeabi_idiv0
                0x0000000008000c0c                __aeabi_ldiv0
 .text          0x0000000008000c10      0x424 c:/devkitpro/devkitarm/bin/../lib/gcc/arm-none-eabi/8.1.0/thumb\libgcc.a(_arm_addsubdf3.o)
                0x0000000008000c10                __aeabi_drsub
                0x0000000008000c18                __aeabi_dsub
                0x0000000008000c18                __subdf3
                0x0000000008000c1c                __aeabi_dadd
                0x0000000008000c1c                __adddf3
                0x0000000008000f2c                __floatunsidf
                0x0000000008000f2c                __aeabi_ui2d
                0x0000000008000f50                __floatsidf
                0x0000000008000f50                __aeabi_i2d
                0x0000000008000f78                __aeabi_f2d
                0x0000000008000f78                __extendsfdf2
                0x0000000008000fc0                __floatundidf
                0x0000000008000fc0                __aeabi_ul2d
                0x0000000008000fd4                __floatdidf
                0x0000000008000fd4                __aeabi_l2d
 .text          0x0000000008001034      0x49c c:/devkitpro/devkitarm/bin/../lib/gcc/arm-none-eabi/8.1.0/thumb\libgcc.a(_arm_muldivdf3.o)
                0x0000000008001034                __aeabi_dmul
                0x0000000008001034                __muldf3
                0x00000000080012c4                __divdf3
                0x00000000080012c4                __aeabi_ddiv
 .text          0x00000000080014d0      0x144 c:/devkitpro/devkitarm/bin/../lib/gcc/arm-none-eabi/8.1.0/thumb\libgcc.a(_arm_cmpdf2.o)
                0x00000000080014d0                __gtdf2
                0x00000000080014d0                __gedf2
                0x00000000080014d8                __ltdf2
                0x00000000080014d8                __ledf2
                0x00000000080014e0                __nedf2
                0x00000000080014e0                __eqdf2
                0x00000000080014e0                __cmpdf2
                0x0000000008001568                __aeabi_cdrcmple
                0x0000000008001584                __aeabi_cdcmpeq
                0x0000000008001584                __aeabi_cdcmple
                0x000000000800159c                __aeabi_dcmpeq
                0x00000000080015b4                __aeabi_dcmplt
                0x00000000080015cc                __aeabi_dcmple
                0x00000000080015e4                __aeabi_dcmpge
                0x00000000080015fc                __aeabi_dcmpgt
 .text          0x0000000008001614       0x38 c:/devkitpro/devkitarm/bin/../lib/gcc/arm-none-eabi/8.1.0/thumb\libgcc.a(_arm_unorddf2.o)
                0x0000000008001614                __unorddf2
                0x0000000008001614                __aeabi_dcmpun
 .text          0x000000000800164c       0x5c c:/devkitpro/devkitarm/bin/../lib/gcc/arm-none-eabi/8.1.0/thumb\libgcc.a(_arm_fixdfsi.o)
                0x000000000800164c                __aeabi_d2iz
                0x000000000800164c                __fixdfsi
 .text          0x00000000080016a8       0x3c c:/devkitpro/devkitarm/bin/../lib/gcc/arm-none-eabi/8.1.0/thumb\libgcc.a(_aeabi_uldivmod.o)
                0x00000000080016a8                __aeabi_uldivmod
 .text          0x00000000080016e4       0x28 c:/devkitpro/devkitarm/bin/../lib/gcc/arm-none-eabi/8.1.0/thumb\libgcc.a(_clzdi2.o)
                0x00000000080016e4                __clzdi2
 .text          0x000000000800170c       0x48 c:/devkitpro/devkitarm/bin/../lib/gcc/arm-none-eabi/8.1.0/thumb\libgcc.a(_clzsi2.o)
                0x000000000800170c                __clzsi2
 *(.text .stub .text.* .gnu.linkonce.t.*)
 .text.deregister_tm_clones
                0x0000000008001754       0x2c c:/devkitpro/devkitarm/bin/../lib/gcc/arm-none-eabi/8.1.0/thumb/crtbegin.o
 .text.register_tm_clones
                0x0000000008001780       0x34 c:/devkitpro/devkitarm/bin/../lib/gcc/arm-none-eabi/8.1.0/thumb/crtbegin.o
 .text.__do_global_dtors_aux
                0x00000000080017b4       0x30 c:/devkitpro/devkitarm/bin/../lib/gcc/arm-none-eabi/8.1.0/thumb/crtbegin.o
 .text.frame_dummy
                0x00000000080017e4       0x28 c:/devkitpro/devkitarm/bin/../lib/gcc/arm-none-eabi/8.1.0/thumb/crtbegin.o
 .text.startup  0x000000000800180c       0x6c main.o
                0x000000000800180c                main
 .text.__libc_init_array
                0x0000000008001878       0x50 c:/devkitpro/devkitarm/bin/../lib/gcc/arm-none-eabi/8.1.0/../../../../arm-none-eabi/lib/thumb\libg.a(lib_a-init.o)
                0x0000000008001878                __libc_init_array
 .text.strcpy   0x00000000080018c8       0x10 c:/devkitpro/devkitarm/bin/../lib/gcc/arm-none-eabi/8.1.0/../../../../arm-none-eabi/lib/thumb\libg.a(lib_a-strcpy.o)
                0x00000000080018c8                strcpy
 .text._vsprintf_r
                0x00000000080018d8       0x2c c:/devkitpro/devkitarm/bin/../lib/gcc/arm-none-eabi/8.1.0/../../../../arm-none-eabi/lib/thumb\libg.a(lib_a-vsprintf.o)
                0x00000000080018d8                _vsprintf_r
 .text.vsprintf
                0x0000000008001904       0x1c c:/devkitpro/devkitarm/bin/../lib/gcc/arm-none-eabi/8.1.0/../../../../arm-none-eabi/lib/thumb\libg.a(lib_a-vsprintf.o)
                0x0000000008001904                vsprintf
 .text.get_arg  0x0000000008001920      0x3c8 c:/devkitpro/devkitarm/bin/../lib/gcc/arm-none-eabi/8.1.0/../../../../arm-none-eabi/lib/thumb\libg.a(lib_a-svfprintf.o)
 .text._svfprintf_r
                0x0000000008001ce8     0x2430 c:/devkitpro/devkitarm/bin/../lib/gcc/arm-none-eabi/8.1.0/../../../../arm-none-eabi/lib/thumb\libg.a(lib_a-svfprintf.o)
                0x0000000008001ce8                _svfprintf_r
 .text._wcrtomb_r
                0x0000000008004118       0x84 c:/devkitpro/devkitarm/bin/../lib/gcc/arm-none-eabi/8.1.0/../../../../arm-none-eabi/lib/thumb\libg.a(lib_a-wcrtomb.o)
                0x0000000008004118                _wcrtomb_r
 .text._wcsrtombs_r
                0x000000000800419c       0x1c c:/devkitpro/devkitarm/bin/../lib/gcc/arm-none-eabi/8.1.0/../../../../arm-none-eabi/lib/thumb\libg.a(lib_a-wcsrtombs.o)
                0x000000000800419c                _wcsrtombs_r
 .text.quorem   0x00000000080041b8      0x15c c:/devkitpro/devkitarm/bin/../lib/gcc/arm-none-eabi/8.1.0/../../../../arm-none-eabi/lib/thumb\libg.a(lib_a-dtoa.o)
 .text._dtoa_r  0x0000000008004314      0xfd8 c:/devkitpro/devkitarm/bin/../lib/gcc/arm-none-eabi/8.1.0/../../../../arm-none-eabi/lib/thumb\libg.a(lib_a-dtoa.o)
                0x0000000008004314                _dtoa_r
 .text._malloc_trim_r
                0x00000000080052ec       0xa4 c:/devkitpro/devkitarm/bin/../lib/gcc/arm-none-eabi/8.1.0/../../../../arm-none-eabi/lib/thumb\libg.a(lib_a-freer.o)
                0x00000000080052ec                _malloc_trim_r
 .text._free_r  0x0000000008005390      0x1e0 c:/devkitpro/devkitarm/bin/../lib/gcc/arm-none-eabi/8.1.0/../../../../arm-none-eabi/lib/thumb\libg.a(lib_a-freer.o)
                0x0000000008005390                _free_r
 .text._localeconv_r
                0x0000000008005570       0x1c c:/devkitpro/devkitarm/bin/../lib/gcc/arm-none-eabi/8.1.0/../../../../arm-none-eabi/lib/thumb\libg.a(lib_a-localeconv.o)
                0x0000000008005570                _localeconv_r
 .text.__locale_mb_cur_max
                0x000000000800558c       0x20 c:/devkitpro/devkitarm/bin/../lib/gcc/arm-none-eabi/8.1.0/../../../../arm-none-eabi/lib/thumb\libg.a(lib_a-locale.o)
                0x000000000800558c                __locale_mb_cur_max
 .text._malloc_r
                0x00000000080055ac      0x560 c:/devkitpro/devkitarm/bin/../lib/gcc/arm-none-eabi/8.1.0/../../../../arm-none-eabi/lib/thumb\libg.a(lib_a-mallocr.o)
                0x00000000080055ac                _malloc_r
 .text.__utf8_mbtowc
                0x0000000008005b0c      0x294 c:/devkitpro/devkitarm/bin/../lib/gcc/arm-none-eabi/8.1.0/../../../../arm-none-eabi/lib/thumb\libg.a(lib_a-mbtowc_r.o)
                0x0000000008005b0c                __utf8_mbtowc
 .text.memchr   0x0000000008005da0       0x84 c:/devkitpro/devkitarm/bin/../lib/gcc/arm-none-eabi/8.1.0/../../../../arm-none-eabi/lib/thumb\libg.a(lib_a-memchr-stub.o)
                0x0000000008005da0                memchr
 .text.memcpy   0x0000000008005e24       0x9c c:/devkitpro/devkitarm/bin/../lib/gcc/arm-none-eabi/8.1.0/../../../../arm-none-eabi/lib/thumb\libg.a(lib_a-memcpy-stub.o)
                0x0000000008005e24                memcpy
 .text.memset   0x0000000008005ec0       0xb0 c:/devkitpro/devkitarm/bin/../lib/gcc/arm-none-eabi/8.1.0/../../../../arm-none-eabi/lib/thumb\libg.a(lib_a-memset.o)
                0x0000000008005ec0                memset
 .text.__malloc_lock
                0x0000000008005f70       0x14 c:/devkitpro/devkitarm/bin/../lib/gcc/arm-none-eabi/8.1.0/../../../../arm-none-eabi/lib/thumb\libg.a(lib_a-mlock.o)
                0x0000000008005f70                __malloc_lock
 .text.__malloc_unlock
                0x0000000008005f84       0x14 c:/devkitpro/devkitarm/bin/../lib/gcc/arm-none-eabi/8.1.0/../../../../arm-none-eabi/lib/thumb\libg.a(lib_a-mlock.o)
                0x0000000008005f84                __malloc_unlock
 .text._Balloc  0x0000000008005f98       0x54 c:/devkitpro/devkitarm/bin/../lib/gcc/arm-none-eabi/8.1.0/../../../../arm-none-eabi/lib/thumb\libg.a(lib_a-mprec.o)
                0x0000000008005f98                _Balloc
 .text._Bfree   0x0000000008005fec       0x14 c:/devkitpro/devkitarm/bin/../lib/gcc/arm-none-eabi/8.1.0/../../../../arm-none-eabi/lib/thumb\libg.a(lib_a-mprec.o)
                0x0000000008005fec                _Bfree
 .text.__multadd
                0x0000000008006000       0xa0 c:/devkitpro/devkitarm/bin/../lib/gcc/arm-none-eabi/8.1.0/../../../../arm-none-eabi/lib/thumb\libg.a(lib_a-mprec.o)
                0x0000000008006000                __multadd
 .text.__hi0bits
                0x00000000080060a0       0x38 c:/devkitpro/devkitarm/bin/../lib/gcc/arm-none-eabi/8.1.0/../../../../arm-none-eabi/lib/thumb\libg.a(lib_a-mprec.o)
                0x00000000080060a0                __hi0bits
 .text.__lo0bits
                0x00000000080060d8       0x5c c:/devkitpro/devkitarm/bin/../lib/gcc/arm-none-eabi/8.1.0/../../../../arm-none-eabi/lib/thumb\libg.a(lib_a-mprec.o)
                0x00000000080060d8                __lo0bits
 .text.__i2b    0x0000000008006134       0x18 c:/devkitpro/devkitarm/bin/../lib/gcc/arm-none-eabi/8.1.0/../../../../arm-none-eabi/lib/thumb\libg.a(lib_a-mprec.o)
                0x0000000008006134                __i2b
 .text.__multiply
                0x000000000800614c      0x17c c:/devkitpro/devkitarm/bin/../lib/gcc/arm-none-eabi/8.1.0/../../../../arm-none-eabi/lib/thumb\libg.a(lib_a-mprec.o)
                0x000000000800614c                __multiply
 .text.__pow5mult
                0x00000000080062c8       0xc0 c:/devkitpro/devkitarm/bin/../lib/gcc/arm-none-eabi/8.1.0/../../../../arm-none-eabi/lib/thumb\libg.a(lib_a-mprec.o)
                0x00000000080062c8                __pow5mult
 .text.__lshift
                0x0000000008006388       0xd0 c:/devkitpro/devkitarm/bin/../lib/gcc/arm-none-eabi/8.1.0/../../../../arm-none-eabi/lib/thumb\libg.a(lib_a-mprec.o)
                0x0000000008006388                __lshift
 .text.__mcmp   0x0000000008006458       0x38 c:/devkitpro/devkitarm/bin/../lib/gcc/arm-none-eabi/8.1.0/../../../../arm-none-eabi/lib/thumb\libg.a(lib_a-mprec.o)
                0x0000000008006458                __mcmp
 .text.__mdiff  0x0000000008006490      0x11c c:/devkitpro/devkitarm/bin/../lib/gcc/arm-none-eabi/8.1.0/../../../../arm-none-eabi/lib/thumb\libg.a(lib_a-mprec.o)
                0x0000000008006490                __mdiff
 .text.__d2b    0x00000000080065ac       0xc0 c:/devkitpro/devkitarm/bin/../lib/gcc/arm-none-eabi/8.1.0/../../../../arm-none-eabi/lib/thumb\libg.a(lib_a-mprec.o)
                0x00000000080065ac                __d2b
 .text.frexp    0x000000000800666c       0x68 c:/devkitpro/devkitarm/bin/../lib/gcc/arm-none-eabi/8.1.0/../../../../arm-none-eabi/lib/thumb\libg.a(lib_a-s_frexp.o)
                0x000000000800666c                frexp
 .text.strlen   0x00000000080066d4       0x6c c:/devkitpro/devkitarm/bin/../lib/gcc/arm-none-eabi/8.1.0/../../../../arm-none-eabi/lib/thumb\libg.a(lib_a-strlen-stub.o)
                0x00000000080066d4                strlen
 .text.strncpy  0x0000000008006740       0x84 c:/devkitpro/devkitarm/bin/../lib/gcc/arm-none-eabi/8.1.0/../../../../arm-none-eabi/lib/thumb\libg.a(lib_a-strncpy.o)
                0x0000000008006740                strncpy
 .text.__ssprint_r
                0x00000000080067c4      0x124 c:/devkitpro/devkitarm/bin/../lib/gcc/arm-none-eabi/8.1.0/../../../../arm-none-eabi/lib/thumb\libg.a(lib_a-svfiprintf.o)
                0x00000000080067c4                __ssprint_r
 .text._wcsnrtombs_l
                0x00000000080068e8      0x134 c:/devkitpro/devkitarm/bin/../lib/gcc/arm-none-eabi/8.1.0/../../../../arm-none-eabi/lib/thumb\libg.a(lib_a-wcsnrtombs.o)
                0x00000000080068e8                _wcsnrtombs_l
 .text._wcsnrtombs_r
                0x0000000008006a1c       0x40 c:/devkitpro/devkitarm/bin/../lib/gcc/arm-none-eabi/8.1.0/../../../../arm-none-eabi/lib/thumb\libg.a(lib_a-wcsnrtombs.o)
                0x0000000008006a1c                _wcsnrtombs_r
 .text.__utf8_wctomb
                0x0000000008006a5c       0xbc c:/devkitpro/devkitarm/bin/../lib/gcc/arm-none-eabi/8.1.0/../../../../arm-none-eabi/lib/thumb\libg.a(lib_a-wctomb_r.o)
                0x0000000008006a5c                __utf8_wctomb
 .text._calloc_r
                0x0000000008006b18       0x64 c:/devkitpro/devkitarm/bin/../lib/gcc/arm-none-eabi/8.1.0/../../../../arm-none-eabi/lib/thumb\libg.a(lib_a-callocr.o)
                0x0000000008006b18                _calloc_r
 .text.memmove  0x0000000008006b7c       0xb0 c:/devkitpro/devkitarm/bin/../lib/gcc/arm-none-eabi/8.1.0/../../../../arm-none-eabi/lib/thumb\libg.a(lib_a-memmove.o)
                0x0000000008006b7c                memmove
 .text._realloc_r
                0x0000000008006c2c      0x370 c:/devkitpro/devkitarm/bin/../lib/gcc/arm-none-eabi/8.1.0/../../../../arm-none-eabi/lib/thumb\libg.a(lib_a-reallocr.o)
                0x0000000008006c2c                _realloc_r
 .text._sbrk_r  0x0000000008006f9c       0x54 c:/devkitpro/devkitarm/bin/../lib/gcc/arm-none-eabi/8.1.0/../../../../arm-none-eabi/lib/thumb\libsysbase.a(sbrk.o)
                0x0000000008006f9c                _sbrk_r
 .text.__libc_lock_acquire_recursive
                0x0000000008006ff0       0x1c c:/devkitpro/devkitarm/bin/../lib/gcc/arm-none-eabi/8.1.0/../../../../arm-none-eabi/lib/thumb\libsysbase.a(syscall_support.o)
                0x0000000008006ff0                __libc_lock_acquire_recursive
 .text.__libc_lock_release_recursive
                0x000000000800700c       0x1c c:/devkitpro/devkitarm/bin/../lib/gcc/arm-none-eabi/8.1.0/../../../../arm-none-eabi/lib/thumb\libsysbase.a(syscall_support.o)
                0x000000000800700c                __libc_lock_release_recursive
 .text.__getreent
                0x0000000008007028       0x28 c:/devkitpro/devkitarm/bin/../lib/gcc/arm-none-eabi/8.1.0/../../../../arm-none-eabi/lib/thumb\libsysbase.a(getreent.o)
                0x0000000008007028                __getreent
 .text.__udivmoddi4
                0x0000000008007050      0x1a8 c:/devkitpro/devkitarm/bin/../lib/gcc/arm-none-eabi/8.1.0/thumb\libgcc.a(_udivmoddi4.o)
                0x0000000008007050                __udivmoddi4
 .text.__udivmoddi4.__stub
                0x00000000080071f8       0xb4 linker stubs
 *(.text.*personality*)
 *(.gnu.warning)
 *(.glue_7t)
 .glue_7t       0x00000000080072b8        0x0 linker stubs
 *(.glue_7)
 .glue_7        0x00000000080072b8        0x0 linker stubs
 *(.vfp11_veneer)
 .vfp11_veneer  0x00000000080072b8        0x0 linker stubs
                0x00000000080072b8                . = ALIGN (0x4)
                0x00000000080072b8                __text_end = .

.v4_bx          0x00000000080072b8        0x0
 .v4_bx         0x00000000080072b8        0x0 linker stubs

.iplt           0x00000000080072b8        0x0
 .iplt          0x00000000080072b8        0x0 c:/devkitpro/devkitarm/bin/../lib/gcc/arm-none-eabi/8.1.0/../../../../arm-none-eabi/lib/thumb/gba_crt0.o

.fini           0x00000000080072b8        0xc
 *(.fini)
 .fini          0x00000000080072b8        0x4 c:/devkitpro/devkitarm/bin/../lib/gcc/arm-none-eabi/8.1.0/thumb/crti.o
                0x00000000080072b8                _fini
 .fini          0x00000000080072bc        0x8 c:/devkitpro/devkitarm/bin/../lib/gcc/arm-none-eabi/8.1.0/thumb/crtn.o
                0x00000000080072c4                . = ALIGN (0x4)

.rodata         0x00000000080072c8     0x1c70
 *(.rodata)
 .rodata        0x00000000080072c8     0x17c0 c:/devkitpro/devkitarm/bin/../lib/gcc/arm-none-eabi/8.1.0/../../../../arm-none-eabi/lib\libheart.a(font.o)
                0x00000000080072c8                font_matrixBitmap
 *all.rodata*(*)
 *(.roda)
 *(.rodata.*)
 .rodata.str1.4
                0x0000000008008a88       0x13 main.o
 .rodata.str1.1
                0x0000000008008a9b        0x9 c:/devkitpro/devkitarm/bin/../lib/gcc/arm-none-eabi/8.1.0/../../../../arm-none-eabi/lib\libheart.a(misc.o)
 .rodata._svfprintf_r.str1.1
                0x0000000008008aa4       0x39 c:/devkitpro/devkitarm/bin/../lib/gcc/arm-none-eabi/8.1.0/../../../../arm-none-eabi/lib/thumb\libg.a(lib_a-svfprintf.o)
                                         0x3b (size before relaxing)
 *fill*         0x0000000008008add        0x3 ff
 .rodata.blanks.7398
                0x0000000008008ae0       0x10 c:/devkitpro/devkitarm/bin/../lib/gcc/arm-none-eabi/8.1.0/../../../../arm-none-eabi/lib/thumb\libg.a(lib_a-svfprintf.o)
 .rodata.zeroes.7399
                0x0000000008008af0       0x10 c:/devkitpro/devkitarm/bin/../lib/gcc/arm-none-eabi/8.1.0/../../../../arm-none-eabi/lib/thumb\libg.a(lib_a-svfprintf.o)
 .rodata._dtoa_r.str1.4
                0x0000000008008b00       0x12 c:/devkitpro/devkitarm/bin/../lib/gcc/arm-none-eabi/8.1.0/../../../../arm-none-eabi/lib/thumb\libg.a(lib_a-dtoa.o)
 *fill*         0x0000000008008b12        0x2 ff
 .rodata.str1.4
                0x0000000008008b14       0x48 c:/devkitpro/devkitarm/bin/../lib/gcc/arm-none-eabi/8.1.0/../../../../arm-none-eabi/lib/thumb\libg.a(lib_a-locale.o)
                                         0x4c (size before relaxing)
 *fill*         0x0000000008008b5c        0x4 ff
 .rodata.__mprec_bigtens
                0x0000000008008b60       0x28 c:/devkitpro/devkitarm/bin/../lib/gcc/arm-none-eabi/8.1.0/../../../../arm-none-eabi/lib/thumb\libg.a(lib_a-mprec.o)
                0x0000000008008b60                __mprec_bigtens
 .rodata.__mprec_tens
                0x0000000008008b88       0xc8 c:/devkitpro/devkitarm/bin/../lib/gcc/arm-none-eabi/8.1.0/../../../../arm-none-eabi/lib/thumb\libg.a(lib_a-mprec.o)
                0x0000000008008b88                __mprec_tens
 .rodata.p05.6166
                0x0000000008008c50        0xc c:/devkitpro/devkitarm/bin/../lib/gcc/arm-none-eabi/8.1.0/../../../../arm-none-eabi/lib/thumb\libg.a(lib_a-mprec.o)
 .rodata.__action_table
                0x0000000008008c5c       0x6c c:/devkitpro/devkitarm/bin/../lib/gcc/arm-none-eabi/8.1.0/../../../../arm-none-eabi/lib/thumb\libg.a(lib_a-svfiprintf.o)
                0x0000000008008c5c                __action_table
 .rodata.__chclass
                0x0000000008008cc8      0x100 c:/devkitpro/devkitarm/bin/../lib/gcc/arm-none-eabi/8.1.0/../../../../arm-none-eabi/lib/thumb\libg.a(lib_a-svfiprintf.o)
                0x0000000008008cc8                __chclass
 .rodata.__state_table
                0x0000000008008dc8       0x6c c:/devkitpro/devkitarm/bin/../lib/gcc/arm-none-eabi/8.1.0/../../../../arm-none-eabi/lib/thumb\libg.a(lib_a-svfiprintf.o)
                0x0000000008008dc8                __state_table
 .rodata._ctype_
                0x0000000008008e34      0x101 c:/devkitpro/devkitarm/bin/../lib/gcc/arm-none-eabi/8.1.0/../../../../arm-none-eabi/lib/thumb\libg.a(lib_a-ctype_.o)
                0x0000000008008e34                _ctype_
 *(.gnu.linkonce.r*)
                0x0000000008008f38                . = ALIGN (0x4)
 *fill*         0x0000000008008f35        0x3 ff

.ARM.extab
 *(.ARM.extab* .gnu.linkonce.armextab.*)
                0x0000000008008f38                __exidx_start = .

.ARM.exidx
 *(.ARM.exidx* .gnu.linkonce.armexidx.*)
                0x0000000008008f38                __exidx_end = .

.ctors          0x0000000008008f38        0x0
 *crtbegin.o(.ctors)
 *(EXCLUDE_FILE(*crtend.o) .ctors)
 *(SORT_BY_NAME(.ctors.*))
 *(.ctors)
                0x0000000008008f38                . = ALIGN (0x4)

.dtors          0x0000000008008f38        0x0
 *crtbegin.o(.dtors)
 *(EXCLUDE_FILE(*crtend.o) .dtors)
 *(SORT_BY_NAME(.dtors.*))
 *(.dtors)
                0x0000000008008f38                . = ALIGN (0x4)

.eh_frame       0x0000000008008f38        0x4
 *(.eh_frame)
 .eh_frame      0x0000000008008f38        0x0 c:/devkitpro/devkitarm/bin/../lib/gcc/arm-none-eabi/8.1.0/thumb/crtbegin.o
 .eh_frame      0x0000000008008f38        0x4 c:/devkitpro/devkitarm/bin/../lib/gcc/arm-none-eabi/8.1.0/thumb/crtend.o
                0x0000000008008f3c                . = ALIGN (0x4)

.gcc_except_table
                0x0000000008008f3c        0x0
 *(.gcc_except_table)
                0x0000000008008f3c                . = ALIGN (0x4)
                0x0000000008008f3c                __iwram_lma = .

.iwram          0x0000000003000000      0x17c load address 0x0000000008008f3c
                0x0000000003000000                __iwram_start__ = ABSOLUTE (.)
 *(.iwram)
 .iwram         0x0000000003000000       0xb8 c:/devkitpro/devkitarm/bin/../lib/gcc/arm-none-eabi/8.1.0/../../../../arm-none-eabi/lib\libheart.a(intdispatch.o)
                0x0000000003000000                IntrMain
 .iwram         0x00000000030000b8       0xc4 c:/devkitpro/devkitarm/bin/../lib/gcc/arm-none-eabi/8.1.0/../../../../arm-none-eabi/lib\libheart.a(rtc.o)
                0x00000000030000b8                gettime
 *iwram.*(.text)
                0x000000000300017c                . = ALIGN (0x4)
                0x000000000300017c                __iwram_end__ = ABSOLUTE (.)
                0x00000000080090b8                __data_lma = (__iwram_lma + SIZEOF (.iwram))

.rel.dyn        0x000000000300017c        0x0 load address 0x00000000080090b8
 .rel.iplt      0x000000000300017c        0x0 c:/devkitpro/devkitarm/bin/../lib/gcc/arm-none-eabi/8.1.0/../../../../arm-none-eabi/lib/thumb/gba_crt0.o

.bss            0x000000000300017c      0x13c
                0x000000000300017c                __bss_start = ABSOLUTE (.)
                0x000000000300017c                __bss_start__ = ABSOLUTE (.)
 *(.dynbss)
 *(.gnu.linkonce.b*)
 *(.bss*)
 .bss.completed.9040
                0x000000000300017c        0x1 c:/devkitpro/devkitarm/bin/../lib/gcc/arm-none-eabi/8.1.0/thumb/crtbegin.o
 *fill*         0x000000000300017d        0x3 
 .bss.object.9045
                0x0000000003000180       0x18 c:/devkitpro/devkitarm/bin/../lib/gcc/arm-none-eabi/8.1.0/thumb/crtbegin.o
 .bss.__malloc_current_mallinfo
                0x0000000003000198       0x28 c:/devkitpro/devkitarm/bin/../lib/gcc/arm-none-eabi/8.1.0/../../../../arm-none-eabi/lib/thumb\libg.a(lib_a-mallocr.o)
                0x0000000003000198                __malloc_current_mallinfo
 .bss.__malloc_max_sbrked_mem
                0x00000000030001c0        0x4 c:/devkitpro/devkitarm/bin/../lib/gcc/arm-none-eabi/8.1.0/../../../../arm-none-eabi/lib/thumb\libg.a(lib_a-mallocr.o)
                0x00000000030001c0                __malloc_max_sbrked_mem
 .bss.__malloc_max_total_mem
                0x00000000030001c4        0x4 c:/devkitpro/devkitarm/bin/../lib/gcc/arm-none-eabi/8.1.0/../../../../arm-none-eabi/lib/thumb\libg.a(lib_a-mallocr.o)
                0x00000000030001c4                __malloc_max_total_mem
 .bss.__malloc_top_pad
                0x00000000030001c8        0x4 c:/devkitpro/devkitarm/bin/../lib/gcc/arm-none-eabi/8.1.0/../../../../arm-none-eabi/lib/thumb\libg.a(lib_a-mallocr.o)
                0x00000000030001c8                __malloc_top_pad
 .bss.heap_start.6085
                0x00000000030001cc        0x4 c:/devkitpro/devkitarm/bin/../lib/gcc/arm-none-eabi/8.1.0/../../../../arm-none-eabi/lib/thumb\libsysbase.a(sbrk.o)
 .bss.fake_heap_end
                0x00000000030001d0        0x4 c:/devkitpro/devkitarm/bin/../lib/gcc/arm-none-eabi/8.1.0/../../../../arm-none-eabi/lib/thumb\libsysbase.a(malloc_vars.o)
                0x00000000030001d0                fake_heap_end
 .bss.fake_heap_start
                0x00000000030001d4        0x4 c:/devkitpro/devkitarm/bin/../lib/gcc/arm-none-eabi/8.1.0/../../../../arm-none-eabi/lib/thumb\libsysbase.a(malloc_vars.o)
                0x00000000030001d4                fake_heap_start
 .bss.__syscalls
                0x00000000030001d8       0x48 c:/devkitpro/devkitarm/bin/../lib/gcc/arm-none-eabi/8.1.0/../../../../arm-none-eabi/lib/thumb\libsysbase.a(syscall_support.o)
                0x00000000030001d8                __syscalls
 *(COMMON)
 COMMON         0x0000000003000220       0x78 c:/devkitpro/devkitarm/bin/../lib/gcc/arm-none-eabi/8.1.0/../../../../arm-none-eabi/lib\libheart.a(interrupt.o)
                0x0000000003000220                IntrTable
 COMMON         0x0000000003000298       0x20 c:/devkitpro/devkitarm/bin/../lib/gcc/arm-none-eabi/8.1.0/../../../../arm-none-eabi/lib\libheart.a(text.o)
                0x0000000003000298                __outstr2
                0x00000000030002b8                . = ALIGN (0x4)
                0x00000000030002b8                __bss_end__ = ABSOLUTE (.)

.data           0x00000000030002b8      0xa00 load address 0x00000000080090b8
                0x00000000030002b8                __data_start__ = ABSOLUTE (.)
 *(.data)
 .data          0x00000000030002b8       0x10 c:/devkitpro/devkitarm/bin/../lib/gcc/arm-none-eabi/8.1.0/../../../../arm-none-eabi/lib\libheart.a(misc.o)
                0x00000000030002b8                SRAM
                0x00000000030002bc                OAM
                0x00000000030002c0                PALETTE
                0x00000000030002c4                VRAM
 *(.data.*)
 .data.__global_locale
                0x00000000030002c8      0x16c c:/devkitpro/devkitarm/bin/../lib/gcc/arm-none-eabi/8.1.0/../../../../arm-none-eabi/lib/thumb\libg.a(lib_a-locale.o)
                0x00000000030002c8                __global_locale
 .data.__malloc_av_
                0x0000000003000434      0x408 c:/devkitpro/devkitarm/bin/../lib/gcc/arm-none-eabi/8.1.0/../../../../arm-none-eabi/lib/thumb\libg.a(lib_a-mallocr.o)
                0x0000000003000434                __malloc_av_
 .data.__malloc_sbrk_base
                0x000000000300083c        0x4 c:/devkitpro/devkitarm/bin/../lib/gcc/arm-none-eabi/8.1.0/../../../../arm-none-eabi/lib/thumb\libg.a(lib_a-mallocr.o)
                0x000000000300083c                __malloc_sbrk_base
 .data.__malloc_trim_threshold
                0x0000000003000840        0x4 c:/devkitpro/devkitarm/bin/../lib/gcc/arm-none-eabi/8.1.0/../../../../arm-none-eabi/lib/thumb\libg.a(lib_a-mallocr.o)
                0x0000000003000840                __malloc_trim_threshold
 .data.__malloc_recursive_mutex
                0x0000000003000844        0xc c:/devkitpro/devkitarm/bin/../lib/gcc/arm-none-eabi/8.1.0/../../../../arm-none-eabi/lib/thumb\libg.a(lib_a-mlock.o)
 .data._impure_ptr
                0x0000000003000850        0x4 c:/devkitpro/devkitarm/bin/../lib/gcc/arm-none-eabi/8.1.0/../../../../arm-none-eabi/lib/thumb\libg.a(lib_a-impure.o)
                0x0000000003000850                _impure_ptr
 *fill*         0x0000000003000854        0x4 ff
 .data.impure_data
                0x0000000003000858      0x460 c:/devkitpro/devkitarm/bin/../lib/gcc/arm-none-eabi/8.1.0/../../../../arm-none-eabi/lib/thumb\libg.a(lib_a-impure.o)
 *(.gnu.linkonce.d*)
                0x0000000003000cb8                . = ALIGN (0x4)
                0x0000000008009ab8                __preinit_lma = (__data_lma + SIZEOF (.data))

.igot.plt       0x0000000003000cb8        0x0 load address 0x0000000008009ab8
 .igot.plt      0x0000000003000cb8        0x0 c:/devkitpro/devkitarm/bin/../lib/gcc/arm-none-eabi/8.1.0/../../../../arm-none-eabi/lib/thumb/gba_crt0.o

.tm_clone_table
                0x0000000003000cb8        0x0 load address 0x0000000008009ab8
 .tm_clone_table
                0x0000000003000cb8        0x0 c:/devkitpro/devkitarm/bin/../lib/gcc/arm-none-eabi/8.1.0/thumb/crtbegin.o
 .tm_clone_table
                0x0000000003000cb8        0x0 c:/devkitpro/devkitarm/bin/../lib/gcc/arm-none-eabi/8.1.0/thumb/crtend.o

.preinit_array  0x0000000003000cb8        0x0 load address 0x0000000008009ab8
                0x0000000003000cb8                __preinit_array_start = ABSOLUTE (.)
 *(.preinit_array)
                0x0000000003000cb8                __preinit_array_end = ABSOLUTE (.)
                0x0000000008009ab8                __init_lma = (__preinit_lma + SIZEOF (.preinit_array))

.init_array     0x0000000003000cb8        0x4 load address 0x0000000008009ab8
                0x0000000003000cb8                __init_array_start = ABSOLUTE (.)
 *(SORT_BY_NAME(.init_array.*))
 *(.init_array)
 .init_array    0x0000000003000cb8        0x4 c:/devkitpro/devkitarm/bin/../lib/gcc/arm-none-eabi/8.1.0/thumb/crtbegin.o
                0x0000000003000cbc                __init_array_end = ABSOLUTE (.)
                0x0000000008009abc                __fini_lma = (__init_lma + SIZEOF (.init_array))

.fini_array     0x0000000003000cbc        0x4 load address 0x0000000008009abc
                0x0000000003000cbc                __fini_array_start = ABSOLUTE (.)
 *(SORT_BY_NAME(.fini_array.*))
 *(.fini_array)
 .fini_array    0x0000000003000cbc        0x4 c:/devkitpro/devkitarm/bin/../lib/gcc/arm-none-eabi/8.1.0/thumb/crtbegin.o
                0x0000000003000cc0                __fini_array_end = ABSOLUTE (.)
                0x0000000008009ac0                __jcr_lma = (__fini_lma + SIZEOF (.fini_array))

.jcr            0x0000000003000cc0        0x0 load address 0x0000000008009ac0
 *(.jcr)
                0x0000000003000cc0                __data_end__ = ABSOLUTE (.)
                0x0000000008009ac0                __iwram_overlay_lma = (__jcr_lma + SIZEOF (.jcr))
                0x0000000003000cc0                __iwram_overlay_start = .

.iwram0         0x0000000003000cc0        0x0 load address 0x0000000008009ac0
 *(.iwram0)
                0x0000000003000cc0                . = ALIGN (0x4)
                0x0000000008009ac0                PROVIDE (__load_start_iwram0 = LOADADDR (.iwram0))
                0x0000000008009ac0                PROVIDE (__load_stop_iwram0 = (LOADADDR (.iwram0) + SIZEOF (.iwram0)))

.iwram1         0x0000000003000cc0        0x0
 *(.iwram1)
                0x0000000003000cc0                . = ALIGN (0x4)
                [!provide]                        PROVIDE (__load_start_iwram1 = LOADADDR (.iwram1))
                [!provide]                        PROVIDE (__load_stop_iwram1 = (LOADADDR (.iwram1) + SIZEOF (.iwram1)))

.iwram2         0x0000000003000cc0        0x0
 *(.iwram2)
                0x0000000003000cc0                . = ALIGN (0x4)
                [!provide]                        PROVIDE (__load_start_iwram2 = LOADADDR (.iwram2))
                [!provide]                        PROVIDE (__load_stop_iwram2 = (LOADADDR (.iwram2) + SIZEOF (.iwram2)))

.iwram3         0x0000000003000cc0        0x0
 *(.iwram3)
                0x0000000003000cc0                . = ALIGN (0x4)
                [!provide]                        PROVIDE (__load_start_iwram3 = LOADADDR (.iwram3))
                [!provide]                        PROVIDE (__load_stop_iwram3 = (LOADADDR (.iwram3) + SIZEOF (.iwram3)))

.iwram4         0x0000000003000cc0        0x0
 *(.iwram4)
                0x0000000003000cc0                . = ALIGN (0x4)
                [!provide]                        PROVIDE (__load_start_iwram4 = LOADADDR (.iwram4))
                [!provide]                        PROVIDE (__load_stop_iwram4 = (LOADADDR (.iwram4) + SIZEOF (.iwram4)))

.iwram5         0x0000000003000cc0        0x0
 *(.iwram5)
                0x0000000003000cc0                . = ALIGN (0x4)
                [!provide]                        PROVIDE (__load_start_iwram5 = LOADADDR (.iwram5))
                [!provide]                        PROVIDE (__load_stop_iwram5 = (LOADADDR (.iwram5) + SIZEOF (.iwram5)))

.iwram6         0x0000000003000cc0        0x0
 *(.iwram6)
                0x0000000003000cc0                . = ALIGN (0x4)
                [!provide]                        PROVIDE (__load_start_iwram6 = LOADADDR (.iwram6))
                [!provide]                        PROVIDE (__load_stop_iwram6 = (LOADADDR (.iwram6) + SIZEOF (.iwram6)))

.iwram7         0x0000000003000cc0        0x0
 *(.iwram7)
                0x0000000003000cc0                . = ALIGN (0x4)
                [!provide]                        PROVIDE (__load_start_iwram7 = LOADADDR (.iwram7))
                [!provide]                        PROVIDE (__load_stop_iwram7 = (LOADADDR (.iwram7) + SIZEOF (.iwram7)))

.iwram8         0x0000000003000cc0        0x0
 *(.iwram8)
                0x0000000003000cc0                . = ALIGN (0x4)
                [!provide]                        PROVIDE (__load_start_iwram8 = LOADADDR (.iwram8))
                [!provide]                        PROVIDE (__load_stop_iwram8 = (LOADADDR (.iwram8) + SIZEOF (.iwram8)))

.iwram9         0x0000000003000cc0        0x0
 *(.iwram9)
                0x0000000003000cc0                . = ALIGN (0x4)
                [!provide]                        PROVIDE (__load_start_iwram9 = LOADADDR (.iwram9))
                [!provide]                        PROVIDE (__load_stop_iwram9 = (LOADADDR (.iwram9) + SIZEOF (.iwram9)))
                0x0000000003000cc0                __iwram_overlay_end = .
                0x0000000008009ac0                __ewram_lma = (__iwram_overlay_lma + (__iwram_overlay_end - __iwram_overlay_start))
                0x0000000003000cc0                __iheap_start = .
                0x0000000002000000                __ewram_start = ORIGIN (ewram)

.ewram          0x0000000002000000        0x0 load address 0x0000000008009ac0
 *(.ewram)
                0x0000000002000000                . = ALIGN (0x4)
                0x0000000002000000                __ewram_end = ABSOLUTE (.)
                0x0000000008009ac0                __pad_lma = (__ewram_lma + SIZEOF (.ewram))

.sbss           0x0000000002000000        0x0
                0x0000000002000000                __sbss_start__ = ABSOLUTE (.)
 *(.sbss)
                0x0000000002000000                . = ALIGN (0x4)
                0x0000000002000000                __sbss_end__ = ABSOLUTE (.)
                0x0000000002000000                __end__ = ABSOLUTE (.)
                0x0000000002000000                __eheap_start = ABSOLUTE (.)

.pad            0x0000000002000000        0x8 load address 0x0000000008009ac0
                0x0000000002000000        0x4 LONG 0x52416b64
                0x0000000002000004        0x4 LONG 0x4d
                0x0000000002000008                . = ALIGN (0x4)
                0x0000000008009ac8                __rom_end__ = (__pad_lma + SIZEOF (.pad))

.stab
 *(.stab)

.stabstr
 *(.stabstr)

.stab.excl
 *(.stab.excl)

.stab.exclstr
 *(.stab.exclstr)

.stab.index
 *(.stab.index)

.stab.indexstr
 *(.stab.indexstr)

.comment        0x0000000000000000       0x22
 *(.comment)
 .comment       0x0000000000000000       0x22 c:/devkitpro/devkitarm/bin/../lib/gcc/arm-none-eabi/8.1.0/thumb/crtbegin.o
                                         0x23 (size before relaxing)
 .comment       0x0000000000000022       0x23 main.o
 .comment       0x0000000000000022       0x23 c:/devkitpro/devkitarm/bin/../lib/gcc/arm-none-eabi/8.1.0/../../../../arm-none-eabi/lib\libheart.a(interrupt.o)
 .comment       0x0000000000000022       0x23 c:/devkitpro/devkitarm/bin/../lib/gcc/arm-none-eabi/8.1.0/../../../../arm-none-eabi/lib\libheart.a(text.o)
 .comment       0x0000000000000022       0x23 c:/devkitpro/devkitarm/bin/../lib/gcc/arm-none-eabi/8.1.0/../../../../arm-none-eabi/lib\libheart.a(video.o)
 .comment       0x0000000000000022       0x23 c:/devkitpro/devkitarm/bin/../lib/gcc/arm-none-eabi/8.1.0/../../../../arm-none-eabi/lib\libheart.a(font.o)
 .comment       0x0000000000000022       0x23 c:/devkitpro/devkitarm/bin/../lib/gcc/arm-none-eabi/8.1.0/../../../../arm-none-eabi/lib\libheart.a(misc.o)
 .comment       0x0000000000000022       0x23 c:/devkitpro/devkitarm/bin/../lib/gcc/arm-none-eabi/8.1.0/../../../../arm-none-eabi/lib/thumb\libg.a(lib_a-init.o)
 .comment       0x0000000000000022       0x23 c:/devkitpro/devkitarm/bin/../lib/gcc/arm-none-eabi/8.1.0/../../../../arm-none-eabi/lib/thumb\libg.a(lib_a-strcpy.o)
 .comment       0x0000000000000022       0x23 c:/devkitpro/devkitarm/bin/../lib/gcc/arm-none-eabi/8.1.0/../../../../arm-none-eabi/lib/thumb\libg.a(lib_a-vsprintf.o)
 .comment       0x0000000000000022       0x23 c:/devkitpro/devkitarm/bin/../lib/gcc/arm-none-eabi/8.1.0/../../../../arm-none-eabi/lib/thumb\libg.a(lib_a-svfprintf.o)
 .comment       0x0000000000000022       0x23 c:/devkitpro/devkitarm/bin/../lib/gcc/arm-none-eabi/8.1.0/../../../../arm-none-eabi/lib/thumb\libg.a(lib_a-wcrtomb.o)
 .comment       0x0000000000000022       0x23 c:/devkitpro/devkitarm/bin/../lib/gcc/arm-none-eabi/8.1.0/../../../../arm-none-eabi/lib/thumb\libg.a(lib_a-wcsrtombs.o)
 .comment       0x0000000000000022       0x23 c:/devkitpro/devkitarm/bin/../lib/gcc/arm-none-eabi/8.1.0/../../../../arm-none-eabi/lib/thumb\libg.a(lib_a-dtoa.o)
 .comment       0x0000000000000022       0x23 c:/devkitpro/devkitarm/bin/../lib/gcc/arm-none-eabi/8.1.0/../../../../arm-none-eabi/lib/thumb\libg.a(lib_a-freer.o)
 .comment       0x0000000000000022       0x23 c:/devkitpro/devkitarm/bin/../lib/gcc/arm-none-eabi/8.1.0/../../../../arm-none-eabi/lib/thumb\libg.a(lib_a-localeconv.o)
 .comment       0x0000000000000022       0x23 c:/devkitpro/devkitarm/bin/../lib/gcc/arm-none-eabi/8.1.0/../../../../arm-none-eabi/lib/thumb\libg.a(lib_a-locale.o)
 .comment       0x0000000000000022       0x23 c:/devkitpro/devkitarm/bin/../lib/gcc/arm-none-eabi/8.1.0/../../../../arm-none-eabi/lib/thumb\libg.a(lib_a-mallocr.o)
 .comment       0x0000000000000022       0x23 c:/devkitpro/devkitarm/bin/../lib/gcc/arm-none-eabi/8.1.0/../../../../arm-none-eabi/lib/thumb\libg.a(lib_a-mbtowc_r.o)
 .comment       0x0000000000000022       0x23 c:/devkitpro/devkitarm/bin/../lib/gcc/arm-none-eabi/8.1.0/../../../../arm-none-eabi/lib/thumb\libg.a(lib_a-memchr-stub.o)
 .comment       0x0000000000000022       0x23 c:/devkitpro/devkitarm/bin/../lib/gcc/arm-none-eabi/8.1.0/../../../../arm-none-eabi/lib/thumb\libg.a(lib_a-memcpy-stub.o)
 .comment       0x0000000000000022       0x23 c:/devkitpro/devkitarm/bin/../lib/gcc/arm-none-eabi/8.1.0/../../../../arm-none-eabi/lib/thumb\libg.a(lib_a-memset.o)
 .comment       0x0000000000000022       0x23 c:/devkitpro/devkitarm/bin/../lib/gcc/arm-none-eabi/8.1.0/../../../../arm-none-eabi/lib/thumb\libg.a(lib_a-mlock.o)
 .comment       0x0000000000000022       0x23 c:/devkitpro/devkitarm/bin/../lib/gcc/arm-none-eabi/8.1.0/../../../../arm-none-eabi/lib/thumb\libg.a(lib_a-mprec.o)
 .comment       0x0000000000000022       0x23 c:/devkitpro/devkitarm/bin/../lib/gcc/arm-none-eabi/8.1.0/../../../../arm-none-eabi/lib/thumb\libg.a(lib_a-s_frexp.o)
 .comment       0x0000000000000022       0x23 c:/devkitpro/devkitarm/bin/../lib/gcc/arm-none-eabi/8.1.0/../../../../arm-none-eabi/lib/thumb\libg.a(lib_a-strlen-stub.o)
 .comment       0x0000000000000022       0x23 c:/devkitpro/devkitarm/bin/../lib/gcc/arm-none-eabi/8.1.0/../../../../arm-none-eabi/lib/thumb\libg.a(lib_a-strncpy.o)
 .comment       0x0000000000000022       0x23 c:/devkitpro/devkitarm/bin/../lib/gcc/arm-none-eabi/8.1.0/../../../../arm-none-eabi/lib/thumb\libg.a(lib_a-svfiprintf.o)
 .comment       0x0000000000000022       0x23 c:/devkitpro/devkitarm/bin/../lib/gcc/arm-none-eabi/8.1.0/../../../../arm-none-eabi/lib/thumb\libg.a(lib_a-wcsnrtombs.o)
 .comment       0x0000000000000022       0x23 c:/devkitpro/devkitarm/bin/../lib/gcc/arm-none-eabi/8.1.0/../../../../arm-none-eabi/lib/thumb\libg.a(lib_a-wctomb_r.o)
 .comment       0x0000000000000022       0x23 c:/devkitpro/devkitarm/bin/../lib/gcc/arm-none-eabi/8.1.0/../../../../arm-none-eabi/lib/thumb\libg.a(lib_a-callocr.o)
 .comment       0x0000000000000022       0x23 c:/devkitpro/devkitarm/bin/../lib/gcc/arm-none-eabi/8.1.0/../../../../arm-none-eabi/lib/thumb\libg.a(lib_a-ctype_.o)
 .comment       0x0000000000000022       0x23 c:/devkitpro/devkitarm/bin/../lib/gcc/arm-none-eabi/8.1.0/../../../../arm-none-eabi/lib/thumb\libg.a(lib_a-memmove.o)
 .comment       0x0000000000000022       0x23 c:/devkitpro/devkitarm/bin/../lib/gcc/arm-none-eabi/8.1.0/../../../../arm-none-eabi/lib/thumb\libg.a(lib_a-reallocr.o)
 .comment       0x0000000000000022       0x23 c:/devkitpro/devkitarm/bin/../lib/gcc/arm-none-eabi/8.1.0/../../../../arm-none-eabi/lib/thumb\libsysbase.a(sbrk.o)
 .comment       0x0000000000000022       0x23 c:/devkitpro/devkitarm/bin/../lib/gcc/arm-none-eabi/8.1.0/../../../../arm-none-eabi/lib/thumb\libsysbase.a(malloc_vars.o)
 .comment       0x0000000000000022       0x23 c:/devkitpro/devkitarm/bin/../lib/gcc/arm-none-eabi/8.1.0/../../../../arm-none-eabi/lib/thumb\libsysbase.a(syscall_support.o)
 .comment       0x0000000000000022       0x23 c:/devkitpro/devkitarm/bin/../lib/gcc/arm-none-eabi/8.1.0/../../../../arm-none-eabi/lib/thumb\libsysbase.a(getreent.o)
 .comment       0x0000000000000022       0x23 c:/devkitpro/devkitarm/bin/../lib/gcc/arm-none-eabi/8.1.0/thumb\libgcc.a(_udivmoddi4.o)
 .comment       0x0000000000000022       0x23 c:/devkitpro/devkitarm/bin/../lib/gcc/arm-none-eabi/8.1.0/../../../../arm-none-eabi/lib/thumb\libg.a(lib_a-impure.o)
 .comment       0x0000000000000022       0x23 c:/devkitpro/devkitarm/bin/../lib/gcc/arm-none-eabi/8.1.0/thumb/crtend.o

.debug
 *(.debug)

.line
 *(.line)

.debug_srcinfo
 *(.debug_srcinfo)

.debug_sfnames
 *(.debug_sfnames)

.debug_aranges
 *(.debug_aranges)

.debug_pubnames
 *(.debug_pubnames)

.debug_info
 *(.debug_info)

.debug_abbrev
 *(.debug_abbrev)

.debug_line
 *(.debug_line)

.debug_frame
 *(.debug_frame)

.debug_str
 *(.debug_str)

.debug_loc
 *(.debug_loc)

.debug_macinfo
 *(.debug_macinfo)

.debug_weaknames
 *(.debug_weaknames)

.debug_funcnames
 *(.debug_funcnames)

.debug_typenames
 *(.debug_typenames)

.debug_varnames
 *(.debug_varnames)

.stack          0x0000000000080000        0x0
                0x0000000000080000                _stack = .
 *(.stack)

.note.gnu.arm.ident
 *(.note.gnu.arm.ident)

.ARM.attributes
                0x0000000000000000       0x2c
 *(.ARM.attributes)
 .ARM.attributes
                0x0000000000000000       0x20 c:/devkitpro/devkitarm/bin/../lib/gcc/arm-none-eabi/8.1.0/../../../../arm-none-eabi/lib/thumb/gba_crt0.o
 .ARM.attributes
                0x0000000000000020       0x1c c:/devkitpro/devkitarm/bin/../lib/gcc/arm-none-eabi/8.1.0/thumb/crti.o
 .ARM.attributes
                0x000000000000003c       0x2a c:/devkitpro/devkitarm/bin/../lib/gcc/arm-none-eabi/8.1.0/thumb/crtbegin.o
 .ARM.attributes
                0x0000000000000066       0x26 main.o
 .ARM.attributes
                0x000000000000008c       0x26 c:/devkitpro/devkitarm/bin/../lib/gcc/arm-none-eabi/8.1.0/../../../../arm-none-eabi/lib\libheart.a(interrupt.o)
 .ARM.attributes
                0x00000000000000b2       0x1a c:/devkitpro/devkitarm/bin/../lib/gcc/arm-none-eabi/8.1.0/../../../../arm-none-eabi/lib\libheart.a(bios.o)
 .ARM.attributes
                0x00000000000000cc       0x26 c:/devkitpro/devkitarm/bin/../lib/gcc/arm-none-eabi/8.1.0/../../../../arm-none-eabi/lib\libheart.a(text.o)
 .ARM.attributes
                0x00000000000000f2       0x26 c:/devkitpro/devkitarm/bin/../lib/gcc/arm-none-eabi/8.1.0/../../../../arm-none-eabi/lib\libheart.a(video.o)
 .ARM.attributes
                0x0000000000000118       0x2c c:/devkitpro/devkitarm/bin/../lib/gcc/arm-none-eabi/8.1.0/../../../../arm-none-eabi/lib\libheart.a(font.o)
 .ARM.attributes
                0x0000000000000144       0x26 c:/devkitpro/devkitarm/bin/../lib/gcc/arm-none-eabi/8.1.0/../../../../arm-none-eabi/lib\libheart.a(misc.o)
 .ARM.attributes
                0x000000000000016a       0x1a c:/devkitpro/devkitarm/bin/../lib/gcc/arm-none-eabi/8.1.0/../../../../arm-none-eabi/lib\libheart.a(intdispatch.o)
 .ARM.attributes
                0x0000000000000184       0x1a c:/devkitpro/devkitarm/bin/../lib/gcc/arm-none-eabi/8.1.0/../../../../arm-none-eabi/lib\libheart.a(rtc.o)
 .ARM.attributes
                0x000000000000019e       0x2a c:/devkitpro/devkitarm/bin/../lib/gcc/arm-none-eabi/8.1.0/../../../../arm-none-eabi/lib/thumb\libg.a(lib_a-init.o)
 .ARM.attributes
                0x00000000000001c8       0x2a c:/devkitpro/devkitarm/bin/../lib/gcc/arm-none-eabi/8.1.0/../../../../arm-none-eabi/lib/thumb\libg.a(lib_a-strcpy.o)
 .ARM.attributes
                0x00000000000001f2       0x2a c:/devkitpro/devkitarm/bin/../lib/gcc/arm-none-eabi/8.1.0/../../../../arm-none-eabi/lib/thumb\libg.a(lib_a-vsprintf.o)
 .ARM.attributes
                0x000000000000021c       0x2a c:/devkitpro/devkitarm/bin/../lib/gcc/arm-none-eabi/8.1.0/../../../../arm-none-eabi/lib/thumb\libg.a(lib_a-svfprintf.o)
 .ARM.attributes
                0x0000000000000246       0x2a c:/devkitpro/devkitarm/bin/../lib/gcc/arm-none-eabi/8.1.0/../../../../arm-none-eabi/lib/thumb\libg.a(lib_a-wcrtomb.o)
 .ARM.attributes
                0x0000000000000270       0x2a c:/devkitpro/devkitarm/bin/../lib/gcc/arm-none-eabi/8.1.0/../../../../arm-none-eabi/lib/thumb\libg.a(lib_a-wcsrtombs.o)
 .ARM.attributes
                0x000000000000029a       0x2a c:/devkitpro/devkitarm/bin/../lib/gcc/arm-none-eabi/8.1.0/../../../../arm-none-eabi/lib/thumb\libg.a(lib_a-dtoa.o)
 .ARM.attributes
                0x00000000000002c4       0x2a c:/devkitpro/devkitarm/bin/../lib/gcc/arm-none-eabi/8.1.0/../../../../arm-none-eabi/lib/thumb\libg.a(lib_a-freer.o)
 .ARM.attributes
                0x00000000000002ee       0x2a c:/devkitpro/devkitarm/bin/../lib/gcc/arm-none-eabi/8.1.0/../../../../arm-none-eabi/lib/thumb\libg.a(lib_a-localeconv.o)
 .ARM.attributes
                0x0000000000000318       0x2a c:/devkitpro/devkitarm/bin/../lib/gcc/arm-none-eabi/8.1.0/../../../../arm-none-eabi/lib/thumb\libg.a(lib_a-locale.o)
 .ARM.attributes
                0x0000000000000342       0x2a c:/devkitpro/devkitarm/bin/../lib/gcc/arm-none-eabi/8.1.0/../../../../arm-none-eabi/lib/thumb\libg.a(lib_a-mallocr.o)
 .ARM.attributes
                0x000000000000036c       0x2a c:/devkitpro/devkitarm/bin/../lib/gcc/arm-none-eabi/8.1.0/../../../../arm-none-eabi/lib/thumb\libg.a(lib_a-mbtowc_r.o)
 .ARM.attributes
                0x0000000000000396       0x2a c:/devkitpro/devkitarm/bin/../lib/gcc/arm-none-eabi/8.1.0/../../../../arm-none-eabi/lib/thumb\libg.a(lib_a-memchr-stub.o)
 .ARM.attributes
                0x00000000000003c0       0x2a c:/devkitpro/devkitarm/bin/../lib/gcc/arm-none-eabi/8.1.0/../../../../arm-none-eabi/lib/thumb\libg.a(lib_a-memcpy-stub.o)
 .ARM.attributes
                0x00000000000003ea       0x2a c:/devkitpro/devkitarm/bin/../lib/gcc/arm-none-eabi/8.1.0/../../../../arm-none-eabi/lib/thumb\libg.a(lib_a-memset.o)
 .ARM.attributes
                0x0000000000000414       0x2a c:/devkitpro/devkitarm/bin/../lib/gcc/arm-none-eabi/8.1.0/../../../../arm-none-eabi/lib/thumb\libg.a(lib_a-mlock.o)
 .ARM.attributes
                0x000000000000043e       0x2a c:/devkitpro/devkitarm/bin/../lib/gcc/arm-none-eabi/8.1.0/../../../../arm-none-eabi/lib/thumb\libg.a(lib_a-mprec.o)
 .ARM.attributes
                0x0000000000000468       0x2a c:/devkitpro/devkitarm/bin/../lib/gcc/arm-none-eabi/8.1.0/../../../../arm-none-eabi/lib/thumb\libg.a(lib_a-s_frexp.o)
 .ARM.attributes
                0x0000000000000492       0x2a c:/devkitpro/devkitarm/bin/../lib/gcc/arm-none-eabi/8.1.0/../../../../arm-none-eabi/lib/thumb\libg.a(lib_a-strcasecmp.o)
 .ARM.attributes
                0x00000000000004bc       0x2a c:/devkitpro/devkitarm/bin/../lib/gcc/arm-none-eabi/8.1.0/../../../../arm-none-eabi/lib/thumb\libg.a(lib_a-strcat.o)
 .ARM.attributes
                0x00000000000004e6       0x2a c:/devkitpro/devkitarm/bin/../lib/gcc/arm-none-eabi/8.1.0/../../../../arm-none-eabi/lib/thumb\libg.a(lib_a-strchr.o)
 .ARM.attributes
                0x0000000000000510       0x1a c:/devkitpro/devkitarm/bin/../lib/gcc/arm-none-eabi/8.1.0/../../../../arm-none-eabi/lib/thumb\libg.a(lib_a-strcmp.o)
 .ARM.attributes
                0x000000000000052a       0x2a c:/devkitpro/devkitarm/bin/../lib/gcc/arm-none-eabi/8.1.0/../../../../arm-none-eabi/lib/thumb\libg.a(lib_a-strlcpy.o)
 .ARM.attributes
                0x0000000000000554       0x2a c:/devkitpro/devkitarm/bin/../lib/gcc/arm-none-eabi/8.1.0/../../../../arm-none-eabi/lib/thumb\libg.a(lib_a-strlen-stub.o)
 .ARM.attributes
                0x000000000000057e       0x2a c:/devkitpro/devkitarm/bin/../lib/gcc/arm-none-eabi/8.1.0/../../../../arm-none-eabi/lib/thumb\libg.a(lib_a-strncasecmp.o)
 .ARM.attributes
                0x00000000000005a8       0x2a c:/devkitpro/devkitarm/bin/../lib/gcc/arm-none-eabi/8.1.0/../../../../arm-none-eabi/lib/thumb\libg.a(lib_a-strncmp.o)
 .ARM.attributes
                0x00000000000005d2       0x2a c:/devkitpro/devkitarm/bin/../lib/gcc/arm-none-eabi/8.1.0/../../../../arm-none-eabi/lib/thumb\libg.a(lib_a-strncpy.o)
 .ARM.attributes
                0x00000000000005fc       0x2a c:/devkitpro/devkitarm/bin/../lib/gcc/arm-none-eabi/8.1.0/../../../../arm-none-eabi/lib/thumb\libg.a(lib_a-strtol.o)
 .ARM.attributes
                0x0000000000000626       0x2a c:/devkitpro/devkitarm/bin/../lib/gcc/arm-none-eabi/8.1.0/../../../../arm-none-eabi/lib/thumb\libg.a(lib_a-svfiprintf.o)
 .ARM.attributes
                0x0000000000000650       0x2a c:/devkitpro/devkitarm/bin/../lib/gcc/arm-none-eabi/8.1.0/../../../../arm-none-eabi/lib/thumb\libg.a(lib_a-wcsnrtombs.o)
 .ARM.attributes
                0x000000000000067a       0x2a c:/devkitpro/devkitarm/bin/../lib/gcc/arm-none-eabi/8.1.0/../../../../arm-none-eabi/lib/thumb\libg.a(lib_a-wctomb_r.o)
 .ARM.attributes
                0x00000000000006a4       0x2a c:/devkitpro/devkitarm/bin/../lib/gcc/arm-none-eabi/8.1.0/../../../../arm-none-eabi/lib/thumb\libg.a(lib_a-callocr.o)
 .ARM.attributes
                0x00000000000006ce       0x2a c:/devkitpro/devkitarm/bin/../lib/gcc/arm-none-eabi/8.1.0/../../../../arm-none-eabi/lib/thumb\libg.a(lib_a-ctype_.o)
 .ARM.attributes
                0x00000000000006f8       0x2a c:/devkitpro/devkitarm/bin/../lib/gcc/arm-none-eabi/8.1.0/../../../../arm-none-eabi/lib/thumb\libg.a(lib_a-getenv_r.o)
 .ARM.attributes
                0x0000000000000722       0x2a c:/devkitpro/devkitarm/bin/../lib/gcc/arm-none-eabi/8.1.0/../../../../arm-none-eabi/lib/thumb\libg.a(lib_a-memmove.o)
 .ARM.attributes
                0x000000000000074c       0x2a c:/devkitpro/devkitarm/bin/../lib/gcc/arm-none-eabi/8.1.0/../../../../arm-none-eabi/lib/thumb\libg.a(lib_a-reallocr.o)
 .ARM.attributes
                0x0000000000000776       0x30 c:/devkitpro/devkitarm/bin/../lib/gcc/arm-none-eabi/8.1.0/../../../../arm-none-eabi/lib/thumb\libg.a(lib_a-environ.o)
 .ARM.attributes
                0x00000000000007a6       0x2a c:/devkitpro/devkitarm/bin/../lib/gcc/arm-none-eabi/8.1.0/../../../../arm-none-eabi/lib/thumb\libg.a(lib_a-envlock.o)
 .ARM.attributes
                0x00000000000007d0       0x2a c:/devkitpro/devkitarm/bin/../lib/gcc/arm-none-eabi/8.1.0/../../../../arm-none-eabi/lib/thumb\libsysbase.a(sbrk.o)
 .ARM.attributes
                0x00000000000007fa       0x30 c:/devkitpro/devkitarm/bin/../lib/gcc/arm-none-eabi/8.1.0/../../../../arm-none-eabi/lib/thumb\libsysbase.a(malloc_vars.o)
 .ARM.attributes
                0x000000000000082a       0x2a c:/devkitpro/devkitarm/bin/../lib/gcc/arm-none-eabi/8.1.0/../../../../arm-none-eabi/lib/thumb\libsysbase.a(syscall_support.o)
 .ARM.attributes
                0x0000000000000854       0x2a c:/devkitpro/devkitarm/bin/../lib/gcc/arm-none-eabi/8.1.0/../../../../arm-none-eabi/lib/thumb\libsysbase.a(getreent.o)
 .ARM.attributes
                0x000000000000087e       0x1c c:/devkitpro/devkitarm/bin/../lib/gcc/arm-none-eabi/8.1.0/thumb\libgcc.a(_thumb1_case_uqi.o)
 .ARM.attributes
                0x000000000000089a       0x1c c:/devkitpro/devkitarm/bin/../lib/gcc/arm-none-eabi/8.1.0/thumb\libgcc.a(_thumb1_case_uhi.o)
 .ARM.attributes
                0x00000000000008b6       0x1c c:/devkitpro/devkitarm/bin/../lib/gcc/arm-none-eabi/8.1.0/thumb\libgcc.a(_udivsi3.o)
 .ARM.attributes
                0x00000000000008d2       0x1c c:/devkitpro/devkitarm/bin/../lib/gcc/arm-none-eabi/8.1.0/thumb\libgcc.a(_divsi3.o)
 .ARM.attributes
                0x00000000000008ee       0x1c c:/devkitpro/devkitarm/bin/../lib/gcc/arm-none-eabi/8.1.0/thumb\libgcc.a(_dvmd_tls.o)
 .ARM.attributes
                0x000000000000090a       0x1c c:/devkitpro/devkitarm/bin/../lib/gcc/arm-none-eabi/8.1.0/thumb\libgcc.a(_arm_addsubdf3.o)
 .ARM.attributes
                0x0000000000000926       0x1c c:/devkitpro/devkitarm/bin/../lib/gcc/arm-none-eabi/8.1.0/thumb\libgcc.a(_arm_muldivdf3.o)
 .ARM.attributes
                0x0000000000000942       0x1c c:/devkitpro/devkitarm/bin/../lib/gcc/arm-none-eabi/8.1.0/thumb\libgcc.a(_arm_cmpdf2.o)
 .ARM.attributes
                0x000000000000095e       0x1c c:/devkitpro/devkitarm/bin/../lib/gcc/arm-none-eabi/8.1.0/thumb\libgcc.a(_arm_unorddf2.o)
 .ARM.attributes
                0x000000000000097a       0x1c c:/devkitpro/devkitarm/bin/../lib/gcc/arm-none-eabi/8.1.0/thumb\libgcc.a(_arm_fixdfsi.o)
 .ARM.attributes
                0x0000000000000996       0x1c c:/devkitpro/devkitarm/bin/../lib/gcc/arm-none-eabi/8.1.0/thumb\libgcc.a(_aeabi_uldivmod.o)
 .ARM.attributes
                0x00000000000009b2       0x2a c:/devkitpro/devkitarm/bin/../lib/gcc/arm-none-eabi/8.1.0/thumb\libgcc.a(_udivmoddi4.o)
 .ARM.attributes
                0x00000000000009dc       0x1c c:/devkitpro/devkitarm/bin/../lib/gcc/arm-none-eabi/8.1.0/thumb\libgcc.a(_clzdi2.o)
 .ARM.attributes
                0x00000000000009f8       0x1c c:/devkitpro/devkitarm/bin/../lib/gcc/arm-none-eabi/8.1.0/thumb\libgcc.a(_clzsi2.o)
 .ARM.attributes
                0x0000000000000a14       0x30 c:/devkitpro/devkitarm/bin/../lib/gcc/arm-none-eabi/8.1.0/../../../../arm-none-eabi/lib/thumb\libg.a(lib_a-impure.o)
 .ARM.attributes
                0x0000000000000a44       0x30 c:/devkitpro/devkitarm/bin/../lib/gcc/arm-none-eabi/8.1.0/thumb/crtend.o
 .ARM.attributes
                0x0000000000000a74       0x1c c:/devkitpro/devkitarm/bin/../lib/gcc/arm-none-eabi/8.1.0/thumb/crtn.o

/DISCARD/
 *(.note.GNU-stack)
LOAD c:/devkitpro/devkitarm/bin/../lib/gcc/arm-none-eabi/8.1.0/../../../../arm-none-eabi/lib/thumb/gba_crt0.o
LOAD c:/devkitpro/devkitarm/bin/../lib/gcc/arm-none-eabi/8.1.0/thumb/crti.o
LOAD c:/devkitpro/devkitarm/bin/../lib/gcc/arm-none-eabi/8.1.0/thumb/crtbegin.o
LOAD main.o
LOAD C:/devkitPro/libgba/lib\libmm.a
LOAD c:/devkitpro/devkitarm/bin/../lib/gcc/arm-none-eabi/8.1.0/../../../../arm-none-eabi/lib\libheart.a
LOAD c:/devkitpro/devkitarm/bin/../lib/gcc/arm-none-eabi/8.1.0/../../../../arm-none-eabi/lib/thumb\libm.a
START GROUP
LOAD c:/devkitpro/devkitarm/bin/../lib/gcc/arm-none-eabi/8.1.0/thumb\libgcc.a
LOAD c:/devkitpro/devkitarm/bin/../lib/gcc/arm-none-eabi/8.1.0/../../../../arm-none-eabi/lib/thumb\libg.a
LOAD c:/devkitpro/devkitarm/bin/../lib/gcc/arm-none-eabi/8.1.0/../../../../arm-none-eabi/lib/thumb\libc.a
LOAD c:/devkitpro/devkitarm/bin/../lib/gcc/arm-none-eabi/8.1.0/../../../../arm-none-eabi/lib/thumb\libsysbase.a
END GROUP
LOAD c:/devkitpro/devkitarm/bin/../lib/gcc/arm-none-eabi/8.1.0/thumb/crtend.o
LOAD c:/devkitpro/devkitarm/bin/../lib/gcc/arm-none-eabi/8.1.0/thumb/crtn.o
OUTPUT(C:/Users/nickm/Documents/GitHub/HeartLib/Examples/text/text.elf elf32-littlearm)
