Archive member included to satisfy reference by file (symbol)

c:/devkitpro/devkitarm/bin/../lib/gcc/arm-none-eabi/8.1.0/../../../../arm-none-eabi/lib\libheart.a(misc.o)
                              main.o (PALETTE)
c:/devkitpro/devkitarm/bin/../lib/gcc/arm-none-eabi/8.1.0/../../../../arm-none-eabi/lib\libheart.a(interrupt.o)
                              main.o (hrt_irqInit)
c:/devkitpro/devkitarm/bin/../lib/gcc/arm-none-eabi/8.1.0/../../../../arm-none-eabi/lib\libheart.a(rtc.o)
                              c:/devkitpro/devkitarm/bin/../lib/gcc/arm-none-eabi/8.1.0/../../../../arm-none-eabi/lib\libheart.a(misc.o) (gettime)
c:/devkitpro/devkitarm/bin/../lib/gcc/arm-none-eabi/8.1.0/../../../../arm-none-eabi/lib\libheart.a(intdispatch.o)
                              c:/devkitpro/devkitarm/bin/../lib/gcc/arm-none-eabi/8.1.0/../../../../arm-none-eabi/lib\libheart.a(interrupt.o) (IntrMain)
c:/devkitpro/devkitarm/bin/../lib/gcc/arm-none-eabi/8.1.0/../../../../arm-none-eabi/lib/thumb\libg.a(lib_a-init.o)
                              c:/devkitpro/devkitarm/bin/../lib/gcc/arm-none-eabi/8.1.0/../../../../arm-none-eabi/lib/thumb/gba_crt0.o (__libc_init_array)
c:/devkitpro/devkitarm/bin/../lib/gcc/arm-none-eabi/8.1.0/../../../../arm-none-eabi/lib/thumb\libg.a(lib_a-memcpy-stub.o)
                              main.o (memcpy)
c:/devkitpro/devkitarm/bin/../lib/gcc/arm-none-eabi/8.1.0/../../../../arm-none-eabi/lib/thumb\libg.a(lib_a-strcpy.o)
                              c:/devkitpro/devkitarm/bin/../lib/gcc/arm-none-eabi/8.1.0/../../../../arm-none-eabi/lib\libheart.a(misc.o) (strcpy)
c:/devkitpro/devkitarm/bin/../lib/gcc/arm-none-eabi/8.1.0/../../../../arm-none-eabi/lib/thumb\libsysbase.a(malloc_vars.o)
                              c:/devkitpro/devkitarm/bin/../lib/gcc/arm-none-eabi/8.1.0/../../../../arm-none-eabi/lib/thumb/gba_crt0.o (fake_heap_end)

Allocating common symbols
Common symbol       size              file

IntrTable           0x78              c:/devkitpro/devkitarm/bin/../lib/gcc/arm-none-eabi/8.1.0/../../../../arm-none-eabi/lib\libheart.a(interrupt.o)
Y                   0x2               main.o
Pos_X               0x2               main.o
Pos_Y               0x2               main.o
X                   0x2               main.o

Discarded input sections

 .text          0x0000000000000000        0x0 c:/devkitpro/devkitarm/bin/../lib/gcc/arm-none-eabi/8.1.0/../../../../arm-none-eabi/lib/thumb/gba_crt0.o
 .data          0x0000000000000000        0x0 c:/devkitpro/devkitarm/bin/../lib/gcc/arm-none-eabi/8.1.0/../../../../arm-none-eabi/lib/thumb/gba_crt0.o
 .bss           0x0000000000000000        0x0 c:/devkitpro/devkitarm/bin/../lib/gcc/arm-none-eabi/8.1.0/../../../../arm-none-eabi/lib/thumb/gba_crt0.o
 .text          0x0000000000000000        0x0 c:/devkitpro/devkitarm/bin/../lib/gcc/arm-none-eabi/8.1.0/thumb/crti.o
 .data          0x0000000000000000        0x0 c:/devkitpro/devkitarm/bin/../lib/gcc/arm-none-eabi/8.1.0/thumb/crti.o
 .bss           0x0000000000000000        0x0 c:/devkitpro/devkitarm/bin/../lib/gcc/arm-none-eabi/8.1.0/thumb/crti.o
 .text          0x0000000000000000        0x0 c:/devkitpro/devkitarm/bin/../lib/gcc/arm-none-eabi/8.1.0/thumb/crtbegin.o
 .data          0x0000000000000000        0x0 c:/devkitpro/devkitarm/bin/../lib/gcc/arm-none-eabi/8.1.0/thumb/crtbegin.o
 .bss           0x0000000000000000        0x0 c:/devkitpro/devkitarm/bin/../lib/gcc/arm-none-eabi/8.1.0/thumb/crtbegin.o
 .data.__dso_handle
                0x0000000000000000        0x4 c:/devkitpro/devkitarm/bin/../lib/gcc/arm-none-eabi/8.1.0/thumb/crtbegin.o
 .data          0x0000000000000000      0x5a0 main.o
 .bss           0x0000000000000000        0x0 main.o
 COMMON         0x0000000000000000        0x8 main.o
 .text          0x0000000000000000        0x0 such.o
 .data          0x0000000000000000        0x0 such.o
 .bss           0x0000000000000000        0x0 such.o
 .rodata        0x0000000000000000    0x12c00 such.o
 .comment       0x0000000000000000       0x23 such.o
 .text          0x0000000000000000        0x0 balls.o
 .data          0x0000000000000000        0x0 balls.o
 .bss           0x0000000000000000        0x0 balls.o
 .text          0x0000000000000000       0xdc c:/devkitpro/devkitarm/bin/../lib/gcc/arm-none-eabi/8.1.0/../../../../arm-none-eabi/lib\libheart.a(misc.o)
 .bss           0x0000000000000000        0x0 c:/devkitpro/devkitarm/bin/../lib/gcc/arm-none-eabi/8.1.0/../../../../arm-none-eabi/lib\libheart.a(misc.o)
 .iwram         0x0000000000000000       0x60 c:/devkitpro/devkitarm/bin/../lib/gcc/arm-none-eabi/8.1.0/../../../../arm-none-eabi/lib\libheart.a(misc.o)
 .rodata.str1.1
                0x0000000000000000        0x9 c:/devkitpro/devkitarm/bin/../lib/gcc/arm-none-eabi/8.1.0/../../../../arm-none-eabi/lib\libheart.a(misc.o)
 .data          0x0000000000000000        0x0 c:/devkitpro/devkitarm/bin/../lib/gcc/arm-none-eabi/8.1.0/../../../../arm-none-eabi/lib\libheart.a(interrupt.o)
 .bss           0x0000000000000000        0x0 c:/devkitpro/devkitarm/bin/../lib/gcc/arm-none-eabi/8.1.0/../../../../arm-none-eabi/lib\libheart.a(interrupt.o)
 .text          0x0000000000000000        0x0 c:/devkitpro/devkitarm/bin/../lib/gcc/arm-none-eabi/8.1.0/../../../../arm-none-eabi/lib\libheart.a(rtc.o)
 .data          0x0000000000000000        0x0 c:/devkitpro/devkitarm/bin/../lib/gcc/arm-none-eabi/8.1.0/../../../../arm-none-eabi/lib\libheart.a(rtc.o)
 .bss           0x0000000000000000        0x0 c:/devkitpro/devkitarm/bin/../lib/gcc/arm-none-eabi/8.1.0/../../../../arm-none-eabi/lib\libheart.a(rtc.o)
 .iwram         0x0000000000000000       0xc4 c:/devkitpro/devkitarm/bin/../lib/gcc/arm-none-eabi/8.1.0/../../../../arm-none-eabi/lib\libheart.a(rtc.o)
 .text          0x0000000000000000        0x0 c:/devkitpro/devkitarm/bin/../lib/gcc/arm-none-eabi/8.1.0/../../../../arm-none-eabi/lib\libheart.a(intdispatch.o)
 .data          0x0000000000000000        0x0 c:/devkitpro/devkitarm/bin/../lib/gcc/arm-none-eabi/8.1.0/../../../../arm-none-eabi/lib\libheart.a(intdispatch.o)
 .bss           0x0000000000000000        0x0 c:/devkitpro/devkitarm/bin/../lib/gcc/arm-none-eabi/8.1.0/../../../../arm-none-eabi/lib\libheart.a(intdispatch.o)
 .text          0x0000000000000000        0x0 c:/devkitpro/devkitarm/bin/../lib/gcc/arm-none-eabi/8.1.0/../../../../arm-none-eabi/lib/thumb\libg.a(lib_a-init.o)
 .data          0x0000000000000000        0x0 c:/devkitpro/devkitarm/bin/../lib/gcc/arm-none-eabi/8.1.0/../../../../arm-none-eabi/lib/thumb\libg.a(lib_a-init.o)
 .bss           0x0000000000000000        0x0 c:/devkitpro/devkitarm/bin/../lib/gcc/arm-none-eabi/8.1.0/../../../../arm-none-eabi/lib/thumb\libg.a(lib_a-init.o)
 .text          0x0000000000000000        0x0 c:/devkitpro/devkitarm/bin/../lib/gcc/arm-none-eabi/8.1.0/../../../../arm-none-eabi/lib/thumb\libg.a(lib_a-memcpy-stub.o)
 .data          0x0000000000000000        0x0 c:/devkitpro/devkitarm/bin/../lib/gcc/arm-none-eabi/8.1.0/../../../../arm-none-eabi/lib/thumb\libg.a(lib_a-memcpy-stub.o)
 .bss           0x0000000000000000        0x0 c:/devkitpro/devkitarm/bin/../lib/gcc/arm-none-eabi/8.1.0/../../../../arm-none-eabi/lib/thumb\libg.a(lib_a-memcpy-stub.o)
 .text          0x0000000000000000        0x0 c:/devkitpro/devkitarm/bin/../lib/gcc/arm-none-eabi/8.1.0/../../../../arm-none-eabi/lib/thumb\libg.a(lib_a-strcpy.o)
 .data          0x0000000000000000        0x0 c:/devkitpro/devkitarm/bin/../lib/gcc/arm-none-eabi/8.1.0/../../../../arm-none-eabi/lib/thumb\libg.a(lib_a-strcpy.o)
 .bss           0x0000000000000000        0x0 c:/devkitpro/devkitarm/bin/../lib/gcc/arm-none-eabi/8.1.0/../../../../arm-none-eabi/lib/thumb\libg.a(lib_a-strcpy.o)
 .text.strcpy   0x0000000000000000       0x10 c:/devkitpro/devkitarm/bin/../lib/gcc/arm-none-eabi/8.1.0/../../../../arm-none-eabi/lib/thumb\libg.a(lib_a-strcpy.o)
 .comment       0x0000000000000000       0x23 c:/devkitpro/devkitarm/bin/../lib/gcc/arm-none-eabi/8.1.0/../../../../arm-none-eabi/lib/thumb\libg.a(lib_a-strcpy.o)
 .text          0x0000000000000000        0x0 c:/devkitpro/devkitarm/bin/../lib/gcc/arm-none-eabi/8.1.0/../../../../arm-none-eabi/lib/thumb\libsysbase.a(malloc_vars.o)
 .data          0x0000000000000000        0x0 c:/devkitpro/devkitarm/bin/../lib/gcc/arm-none-eabi/8.1.0/../../../../arm-none-eabi/lib/thumb\libsysbase.a(malloc_vars.o)
 .bss           0x0000000000000000        0x0 c:/devkitpro/devkitarm/bin/../lib/gcc/arm-none-eabi/8.1.0/../../../../arm-none-eabi/lib/thumb\libsysbase.a(malloc_vars.o)
 .bss.fake_heap_start
                0x0000000000000000        0x4 c:/devkitpro/devkitarm/bin/../lib/gcc/arm-none-eabi/8.1.0/../../../../arm-none-eabi/lib/thumb\libsysbase.a(malloc_vars.o)
 .text          0x0000000000000000        0x0 c:/devkitpro/devkitarm/bin/../lib/gcc/arm-none-eabi/8.1.0/thumb/crtend.o
 .data          0x0000000000000000        0x0 c:/devkitpro/devkitarm/bin/../lib/gcc/arm-none-eabi/8.1.0/thumb/crtend.o
 .bss           0x0000000000000000        0x0 c:/devkitpro/devkitarm/bin/../lib/gcc/arm-none-eabi/8.1.0/thumb/crtend.o
 .text          0x0000000000000000        0x0 c:/devkitpro/devkitarm/bin/../lib/gcc/arm-none-eabi/8.1.0/thumb/crtn.o
 .data          0x0000000000000000        0x0 c:/devkitpro/devkitarm/bin/../lib/gcc/arm-none-eabi/8.1.0/thumb/crtn.o
 .bss           0x0000000000000000        0x0 c:/devkitpro/devkitarm/bin/../lib/gcc/arm-none-eabi/8.1.0/thumb/crtn.o

Memory Configuration

Name             Origin             Length             Attributes
rom              0x0000000008000000 0x0000000002000000
iwram            0x0000000003000000 0x0000000000008000
ewram            0x0000000002000000 0x0000000000040000
*default*        0x0000000000000000 0xffffffffffffffff

Linker script and memory map

                0x0000000008000000                __text_start = ORIGIN (rom)
                0x0000000002040000                __eheap_end = (ORIGIN (ewram) + LENGTH (ewram))
                0x0000000003000000                __iwram_start = ORIGIN (iwram)
                0x0000000003008000                __iwram_top = (ORIGIN (iwram) + LENGTH (iwram))
                0x0000000003007fa0                __sp_irq = (__iwram_top - 0x60)
                0x0000000003007f00                __sp_usr = (__sp_irq - 0xa0)
                0x0000000003007ff8                __irq_flags = 0x3007ff8
                0x0000000008000000                . = __text_start

.crt0           0x0000000008000000      0x210
 *(.crt0)
 .crt0          0x0000000008000000      0x210 c:/devkitpro/devkitarm/bin/../lib/gcc/arm-none-eabi/8.1.0/../../../../arm-none-eabi/lib/thumb/gba_crt0.o
                0x0000000008000000                _start
                0x00000000080000c4                __boot_method
                0x00000000080000c5                __slave_number
                0x00000000080000e0                start_vector
                0x0000000008000210                . = ALIGN (0x4)

.init           0x0000000008000210        0xc
 *(SORT_NONE(.init))
 .init          0x0000000008000210        0x4 c:/devkitpro/devkitarm/bin/../lib/gcc/arm-none-eabi/8.1.0/thumb/crti.o
                0x0000000008000210                _init
 .init          0x0000000008000214        0x8 c:/devkitpro/devkitarm/bin/../lib/gcc/arm-none-eabi/8.1.0/thumb/crtn.o

.plt            0x000000000800021c        0x0
 *(.plt)
                0x000000000800021c                . = ALIGN (0x4)

.text           0x000000000800021c      0x3a4
 *(EXCLUDE_FILE(*.iwram*) .text)
 .text          0x000000000800021c       0x10 main.o
                0x000000000800021c                hblank
 .text          0x000000000800022c      0x15c c:/devkitpro/devkitarm/bin/../lib/gcc/arm-none-eabi/8.1.0/../../../../arm-none-eabi/lib\libheart.a(interrupt.o)
                0x000000000800022c                dummy
                0x0000000008000230                hrt_irqInit
                0x0000000008000274                InitInterrupt
                0x0000000008000278                hrt_irqSet
                0x00000000080002c4                SetInterrupt
                0x00000000080002c8                hrt_irqEnable
                0x0000000008000324                EnableInterrupt
                0x0000000008000328                hrt_irqDisable
                0x0000000008000384                DisableInterrupt
 *(.text .stub .text.* .gnu.linkonce.t.*)
 .text.deregister_tm_clones
                0x0000000008000388       0x2c c:/devkitpro/devkitarm/bin/../lib/gcc/arm-none-eabi/8.1.0/thumb/crtbegin.o
 .text.register_tm_clones
                0x00000000080003b4       0x34 c:/devkitpro/devkitarm/bin/../lib/gcc/arm-none-eabi/8.1.0/thumb/crtbegin.o
 .text.__do_global_dtors_aux
                0x00000000080003e8       0x30 c:/devkitpro/devkitarm/bin/../lib/gcc/arm-none-eabi/8.1.0/thumb/crtbegin.o
 .text.frame_dummy
                0x0000000008000418       0x28 c:/devkitpro/devkitarm/bin/../lib/gcc/arm-none-eabi/8.1.0/thumb/crtbegin.o
 .text.startup  0x0000000008000440       0x94 main.o
                0x0000000008000440                main
 .text.__libc_init_array
                0x00000000080004d4       0x50 c:/devkitpro/devkitarm/bin/../lib/gcc/arm-none-eabi/8.1.0/../../../../arm-none-eabi/lib/thumb\libg.a(lib_a-init.o)
                0x00000000080004d4                __libc_init_array
 .text.memcpy   0x0000000008000524       0x9c c:/devkitpro/devkitarm/bin/../lib/gcc/arm-none-eabi/8.1.0/../../../../arm-none-eabi/lib/thumb\libg.a(lib_a-memcpy-stub.o)
                0x0000000008000524                memcpy
 *(.text.*personality*)
 *(.gnu.warning)
 *(.glue_7t)
 .glue_7t       0x00000000080005c0        0x0 linker stubs
 *(.glue_7)
 .glue_7        0x00000000080005c0        0x0 linker stubs
 *(.vfp11_veneer)
 .vfp11_veneer  0x00000000080005c0        0x0 linker stubs
                0x00000000080005c0                . = ALIGN (0x4)
                0x00000000080005c0                __text_end = .

.v4_bx          0x00000000080005c0        0x0
 .v4_bx         0x00000000080005c0        0x0 linker stubs

.iplt           0x00000000080005c0        0x0
 .iplt          0x00000000080005c0        0x0 c:/devkitpro/devkitarm/bin/../lib/gcc/arm-none-eabi/8.1.0/../../../../arm-none-eabi/lib/thumb/gba_crt0.o

.fini           0x00000000080005c0        0xc
 *(.fini)
 .fini          0x00000000080005c0        0x4 c:/devkitpro/devkitarm/bin/../lib/gcc/arm-none-eabi/8.1.0/thumb/crti.o
                0x00000000080005c0                _fini
 .fini          0x00000000080005c4        0x8 c:/devkitpro/devkitarm/bin/../lib/gcc/arm-none-eabi/8.1.0/thumb/crtn.o
                0x00000000080005cc                . = ALIGN (0x4)

.rodata         0x00000000080005cc      0xca0
 *(.rodata)
 .rodata        0x00000000080005cc      0xca0 balls.o
                0x00000000080005cc                ballsPal
                0x00000000080005ec                ballsMap
                0x0000000008000dec                ballsTiles
 *all.rodata*(*)
 *(.roda)
 *(.rodata.*)
 *(.gnu.linkonce.r*)
                0x000000000800126c                . = ALIGN (0x4)

.ARM.extab
 *(.ARM.extab* .gnu.linkonce.armextab.*)
                0x000000000800126c                __exidx_start = .

.ARM.exidx
 *(.ARM.exidx* .gnu.linkonce.armexidx.*)
                0x000000000800126c                __exidx_end = .

.ctors          0x000000000800126c        0x0
 *crtbegin.o(.ctors)
 *(EXCLUDE_FILE(*crtend.o) .ctors)
 *(SORT_BY_NAME(.ctors.*))
 *(.ctors)
                0x000000000800126c                . = ALIGN (0x4)

.dtors          0x000000000800126c        0x0
 *crtbegin.o(.dtors)
 *(EXCLUDE_FILE(*crtend.o) .dtors)
 *(SORT_BY_NAME(.dtors.*))
 *(.dtors)
                0x000000000800126c                . = ALIGN (0x4)

.eh_frame       0x000000000800126c        0x4
 *(.eh_frame)
 .eh_frame      0x000000000800126c        0x0 c:/devkitpro/devkitarm/bin/../lib/gcc/arm-none-eabi/8.1.0/thumb/crtbegin.o
 .eh_frame      0x000000000800126c        0x4 c:/devkitpro/devkitarm/bin/../lib/gcc/arm-none-eabi/8.1.0/thumb/crtend.o
                0x0000000008001270                . = ALIGN (0x4)

.gcc_except_table
                0x0000000008001270        0x0
 *(.gcc_except_table)
                0x0000000008001270                . = ALIGN (0x4)
                0x0000000008001270                __iwram_lma = .

.iwram          0x0000000003000000       0xb8 load address 0x0000000008001270
                0x0000000003000000                __iwram_start__ = ABSOLUTE (.)
 *(.iwram)
 .iwram         0x0000000003000000       0xb8 c:/devkitpro/devkitarm/bin/../lib/gcc/arm-none-eabi/8.1.0/../../../../arm-none-eabi/lib\libheart.a(intdispatch.o)
                0x0000000003000000                IntrMain
 *iwram.*(.text)
                0x00000000030000b8                . = ALIGN (0x4)
                0x00000000030000b8                __iwram_end__ = ABSOLUTE (.)
                0x0000000008001328                __data_lma = (__iwram_lma + SIZEOF (.iwram))

.rel.dyn        0x00000000030000b8        0x0 load address 0x0000000008001328
 .rel.iplt      0x00000000030000b8        0x0 c:/devkitpro/devkitarm/bin/../lib/gcc/arm-none-eabi/8.1.0/../../../../arm-none-eabi/lib/thumb/gba_crt0.o

.bss            0x00000000030000b8       0x98
                0x00000000030000b8                __bss_start = ABSOLUTE (.)
                0x00000000030000b8                __bss_start__ = ABSOLUTE (.)
 *(.dynbss)
 *(.gnu.linkonce.b*)
 *(.bss*)
 .bss.completed.9040
                0x00000000030000b8        0x1 c:/devkitpro/devkitarm/bin/../lib/gcc/arm-none-eabi/8.1.0/thumb/crtbegin.o
 *fill*         0x00000000030000b9        0x3 
 .bss.object.9045
                0x00000000030000bc       0x18 c:/devkitpro/devkitarm/bin/../lib/gcc/arm-none-eabi/8.1.0/thumb/crtbegin.o
 .bss.fake_heap_end
                0x00000000030000d4        0x4 c:/devkitpro/devkitarm/bin/../lib/gcc/arm-none-eabi/8.1.0/../../../../arm-none-eabi/lib/thumb\libsysbase.a(malloc_vars.o)
                0x00000000030000d4                fake_heap_end
 *(COMMON)
 COMMON         0x00000000030000d8       0x78 c:/devkitpro/devkitarm/bin/../lib/gcc/arm-none-eabi/8.1.0/../../../../arm-none-eabi/lib\libheart.a(interrupt.o)
                0x00000000030000d8                IntrTable
                0x0000000003000150                . = ALIGN (0x4)
                0x0000000003000150                __bss_end__ = ABSOLUTE (.)

.data           0x0000000003000150       0x14 load address 0x0000000008001328
                0x0000000003000150                __data_start__ = ABSOLUTE (.)
 *(.data)
 .data          0x0000000003000150       0x14 c:/devkitpro/devkitarm/bin/../lib/gcc/arm-none-eabi/8.1.0/../../../../arm-none-eabi/lib\libheart.a(misc.o)
                0x0000000003000150                SRAM
                0x0000000003000154                OAMAff
                0x0000000003000158                OAM
                0x000000000300015c                PALETTE
                0x0000000003000160                VRAM
 *(.data.*)
 *(.gnu.linkonce.d*)
                0x0000000003000164                . = ALIGN (0x4)
                0x000000000800133c                __preinit_lma = (__data_lma + SIZEOF (.data))

.igot.plt       0x0000000003000164        0x0 load address 0x000000000800133c
 .igot.plt      0x0000000003000164        0x0 c:/devkitpro/devkitarm/bin/../lib/gcc/arm-none-eabi/8.1.0/../../../../arm-none-eabi/lib/thumb/gba_crt0.o

.tm_clone_table
                0x0000000003000164        0x0 load address 0x000000000800133c
 .tm_clone_table
                0x0000000003000164        0x0 c:/devkitpro/devkitarm/bin/../lib/gcc/arm-none-eabi/8.1.0/thumb/crtbegin.o
 .tm_clone_table
                0x0000000003000164        0x0 c:/devkitpro/devkitarm/bin/../lib/gcc/arm-none-eabi/8.1.0/thumb/crtend.o

.preinit_array  0x0000000003000164        0x0 load address 0x000000000800133c
                0x0000000003000164                __preinit_array_start = ABSOLUTE (.)
 *(.preinit_array)
                0x0000000003000164                __preinit_array_end = ABSOLUTE (.)
                0x000000000800133c                __init_lma = (__preinit_lma + SIZEOF (.preinit_array))

.init_array     0x0000000003000164        0x4 load address 0x000000000800133c
                0x0000000003000164                __init_array_start = ABSOLUTE (.)
 *(SORT_BY_NAME(.init_array.*))
 *(.init_array)
 .init_array    0x0000000003000164        0x4 c:/devkitpro/devkitarm/bin/../lib/gcc/arm-none-eabi/8.1.0/thumb/crtbegin.o
                0x0000000003000168                __init_array_end = ABSOLUTE (.)
                0x0000000008001340                __fini_lma = (__init_lma + SIZEOF (.init_array))

.fini_array     0x0000000003000168        0x4 load address 0x0000000008001340
                0x0000000003000168                __fini_array_start = ABSOLUTE (.)
 *(SORT_BY_NAME(.fini_array.*))
 *(.fini_array)
 .fini_array    0x0000000003000168        0x4 c:/devkitpro/devkitarm/bin/../lib/gcc/arm-none-eabi/8.1.0/thumb/crtbegin.o
                0x000000000300016c                __fini_array_end = ABSOLUTE (.)
                0x0000000008001344                __jcr_lma = (__fini_lma + SIZEOF (.fini_array))

.jcr            0x000000000300016c        0x0 load address 0x0000000008001344
 *(.jcr)
                0x000000000300016c                __data_end__ = ABSOLUTE (.)
                0x0000000008001344                __iwram_overlay_lma = (__jcr_lma + SIZEOF (.jcr))
                0x000000000300016c                __iwram_overlay_start = .

.iwram0         0x000000000300016c        0x0 load address 0x0000000008001344
 *(.iwram0)
                0x000000000300016c                . = ALIGN (0x4)
                0x0000000008001344                PROVIDE (__load_start_iwram0 = LOADADDR (.iwram0))
                0x0000000008001344                PROVIDE (__load_stop_iwram0 = (LOADADDR (.iwram0) + SIZEOF (.iwram0)))

.iwram1         0x000000000300016c        0x0
 *(.iwram1)
                0x000000000300016c                . = ALIGN (0x4)
                [!provide]                        PROVIDE (__load_start_iwram1 = LOADADDR (.iwram1))
                [!provide]                        PROVIDE (__load_stop_iwram1 = (LOADADDR (.iwram1) + SIZEOF (.iwram1)))

.iwram2         0x000000000300016c        0x0
 *(.iwram2)
                0x000000000300016c                . = ALIGN (0x4)
                [!provide]                        PROVIDE (__load_start_iwram2 = LOADADDR (.iwram2))
                [!provide]                        PROVIDE (__load_stop_iwram2 = (LOADADDR (.iwram2) + SIZEOF (.iwram2)))

.iwram3         0x000000000300016c        0x0
 *(.iwram3)
                0x000000000300016c                . = ALIGN (0x4)
                [!provide]                        PROVIDE (__load_start_iwram3 = LOADADDR (.iwram3))
                [!provide]                        PROVIDE (__load_stop_iwram3 = (LOADADDR (.iwram3) + SIZEOF (.iwram3)))

.iwram4         0x000000000300016c        0x0
 *(.iwram4)
                0x000000000300016c                . = ALIGN (0x4)
                [!provide]                        PROVIDE (__load_start_iwram4 = LOADADDR (.iwram4))
                [!provide]                        PROVIDE (__load_stop_iwram4 = (LOADADDR (.iwram4) + SIZEOF (.iwram4)))

.iwram5         0x000000000300016c        0x0
 *(.iwram5)
                0x000000000300016c                . = ALIGN (0x4)
                [!provide]                        PROVIDE (__load_start_iwram5 = LOADADDR (.iwram5))
                [!provide]                        PROVIDE (__load_stop_iwram5 = (LOADADDR (.iwram5) + SIZEOF (.iwram5)))

.iwram6         0x000000000300016c        0x0
 *(.iwram6)
                0x000000000300016c                . = ALIGN (0x4)
                [!provide]                        PROVIDE (__load_start_iwram6 = LOADADDR (.iwram6))
                [!provide]                        PROVIDE (__load_stop_iwram6 = (LOADADDR (.iwram6) + SIZEOF (.iwram6)))

.iwram7         0x000000000300016c        0x0
 *(.iwram7)
                0x000000000300016c                . = ALIGN (0x4)
                [!provide]                        PROVIDE (__load_start_iwram7 = LOADADDR (.iwram7))
                [!provide]                        PROVIDE (__load_stop_iwram7 = (LOADADDR (.iwram7) + SIZEOF (.iwram7)))

.iwram8         0x000000000300016c        0x0
 *(.iwram8)
                0x000000000300016c                . = ALIGN (0x4)
                [!provide]                        PROVIDE (__load_start_iwram8 = LOADADDR (.iwram8))
                [!provide]                        PROVIDE (__load_stop_iwram8 = (LOADADDR (.iwram8) + SIZEOF (.iwram8)))

.iwram9         0x000000000300016c        0x0
 *(.iwram9)
                0x000000000300016c                . = ALIGN (0x4)
                [!provide]                        PROVIDE (__load_start_iwram9 = LOADADDR (.iwram9))
                [!provide]                        PROVIDE (__load_stop_iwram9 = (LOADADDR (.iwram9) + SIZEOF (.iwram9)))
                0x000000000300016c                __iwram_overlay_end = .
                0x0000000008001344                __ewram_lma = (__iwram_overlay_lma + (__iwram_overlay_end - __iwram_overlay_start))
                0x000000000300016c                __iheap_start = .
                0x0000000002000000                __ewram_start = ORIGIN (ewram)

.ewram          0x0000000002000000        0x0 load address 0x0000000008001344
 *(.ewram)
                0x0000000002000000                . = ALIGN (0x4)
                0x0000000002000000                __ewram_end = ABSOLUTE (.)
                0x0000000008001344                __pad_lma = (__ewram_lma + SIZEOF (.ewram))

.sbss           0x0000000002000000        0x0
                0x0000000002000000                __sbss_start__ = ABSOLUTE (.)
 *(.sbss)
                0x0000000002000000                . = ALIGN (0x4)
                0x0000000002000000                __sbss_end__ = ABSOLUTE (.)
                0x0000000002000000                __end__ = ABSOLUTE (.)
                0x0000000002000000                __eheap_start = ABSOLUTE (.)

.pad            0x0000000002000000        0x8 load address 0x0000000008001344
                0x0000000002000000        0x4 LONG 0x52416b64
                0x0000000002000004        0x4 LONG 0x4d
                0x0000000002000008                . = ALIGN (0x4)
                0x000000000800134c                __rom_end__ = (__pad_lma + SIZEOF (.pad))

.stab
 *(.stab)

.stabstr
 *(.stabstr)

.stab.excl
 *(.stab.excl)

.stab.exclstr
 *(.stab.exclstr)

.stab.index
 *(.stab.index)

.stab.indexstr
 *(.stab.indexstr)

.comment        0x0000000000000000       0x22
 *(.comment)
 .comment       0x0000000000000000       0x22 c:/devkitpro/devkitarm/bin/../lib/gcc/arm-none-eabi/8.1.0/thumb/crtbegin.o
                                         0x23 (size before relaxing)
 .comment       0x0000000000000022       0x23 main.o
 .comment       0x0000000000000022       0x23 balls.o
 .comment       0x0000000000000022       0x23 c:/devkitpro/devkitarm/bin/../lib/gcc/arm-none-eabi/8.1.0/../../../../arm-none-eabi/lib\libheart.a(misc.o)
 .comment       0x0000000000000022       0x23 c:/devkitpro/devkitarm/bin/../lib/gcc/arm-none-eabi/8.1.0/../../../../arm-none-eabi/lib\libheart.a(interrupt.o)
 .comment       0x0000000000000022       0x23 c:/devkitpro/devkitarm/bin/../lib/gcc/arm-none-eabi/8.1.0/../../../../arm-none-eabi/lib/thumb\libg.a(lib_a-init.o)
 .comment       0x0000000000000022       0x23 c:/devkitpro/devkitarm/bin/../lib/gcc/arm-none-eabi/8.1.0/../../../../arm-none-eabi/lib/thumb\libg.a(lib_a-memcpy-stub.o)
 .comment       0x0000000000000022       0x23 c:/devkitpro/devkitarm/bin/../lib/gcc/arm-none-eabi/8.1.0/../../../../arm-none-eabi/lib/thumb\libsysbase.a(malloc_vars.o)
 .comment       0x0000000000000022       0x23 c:/devkitpro/devkitarm/bin/../lib/gcc/arm-none-eabi/8.1.0/thumb/crtend.o

.debug
 *(.debug)

.line
 *(.line)

.debug_srcinfo
 *(.debug_srcinfo)

.debug_sfnames
 *(.debug_sfnames)

.debug_aranges
 *(.debug_aranges)

.debug_pubnames
 *(.debug_pubnames)

.debug_info
 *(.debug_info)

.debug_abbrev
 *(.debug_abbrev)

.debug_line
 *(.debug_line)

.debug_frame
 *(.debug_frame)

.debug_str
 *(.debug_str)

.debug_loc
 *(.debug_loc)

.debug_macinfo
 *(.debug_macinfo)

.debug_weaknames
 *(.debug_weaknames)

.debug_funcnames
 *(.debug_funcnames)

.debug_typenames
 *(.debug_typenames)

.debug_varnames
 *(.debug_varnames)

.stack          0x0000000000080000        0x0
                0x0000000000080000                _stack = .
 *(.stack)

.note.gnu.arm.ident
 *(.note.gnu.arm.ident)

.ARM.attributes
                0x0000000000000000       0x2c
 *(.ARM.attributes)
 .ARM.attributes
                0x0000000000000000       0x20 c:/devkitpro/devkitarm/bin/../lib/gcc/arm-none-eabi/8.1.0/../../../../arm-none-eabi/lib/thumb/gba_crt0.o
 .ARM.attributes
                0x0000000000000020       0x1c c:/devkitpro/devkitarm/bin/../lib/gcc/arm-none-eabi/8.1.0/thumb/crti.o
 .ARM.attributes
                0x000000000000003c       0x2a c:/devkitpro/devkitarm/bin/../lib/gcc/arm-none-eabi/8.1.0/thumb/crtbegin.o
 .ARM.attributes
                0x0000000000000066       0x26 main.o
 .ARM.attributes
                0x000000000000008c       0x2c such.o
 .ARM.attributes
                0x00000000000000b8       0x2c balls.o
 .ARM.attributes
                0x00000000000000e4       0x26 c:/devkitpro/devkitarm/bin/../lib/gcc/arm-none-eabi/8.1.0/../../../../arm-none-eabi/lib\libheart.a(misc.o)
 .ARM.attributes
                0x000000000000010a       0x26 c:/devkitpro/devkitarm/bin/../lib/gcc/arm-none-eabi/8.1.0/../../../../arm-none-eabi/lib\libheart.a(interrupt.o)
 .ARM.attributes
                0x0000000000000130       0x1a c:/devkitpro/devkitarm/bin/../lib/gcc/arm-none-eabi/8.1.0/../../../../arm-none-eabi/lib\libheart.a(rtc.o)
 .ARM.attributes
                0x000000000000014a       0x1a c:/devkitpro/devkitarm/bin/../lib/gcc/arm-none-eabi/8.1.0/../../../../arm-none-eabi/lib\libheart.a(intdispatch.o)
 .ARM.attributes
                0x0000000000000164       0x2a c:/devkitpro/devkitarm/bin/../lib/gcc/arm-none-eabi/8.1.0/../../../../arm-none-eabi/lib/thumb\libg.a(lib_a-init.o)
 .ARM.attributes
                0x000000000000018e       0x2a c:/devkitpro/devkitarm/bin/../lib/gcc/arm-none-eabi/8.1.0/../../../../arm-none-eabi/lib/thumb\libg.a(lib_a-memcpy-stub.o)
 .ARM.attributes
                0x00000000000001b8       0x2a c:/devkitpro/devkitarm/bin/../lib/gcc/arm-none-eabi/8.1.0/../../../../arm-none-eabi/lib/thumb\libg.a(lib_a-strcpy.o)
 .ARM.attributes
                0x00000000000001e2       0x30 c:/devkitpro/devkitarm/bin/../lib/gcc/arm-none-eabi/8.1.0/../../../../arm-none-eabi/lib/thumb\libsysbase.a(malloc_vars.o)
 .ARM.attributes
                0x0000000000000212       0x30 c:/devkitpro/devkitarm/bin/../lib/gcc/arm-none-eabi/8.1.0/thumb/crtend.o
 .ARM.attributes
                0x0000000000000242       0x1c c:/devkitpro/devkitarm/bin/../lib/gcc/arm-none-eabi/8.1.0/thumb/crtn.o

/DISCARD/
 *(.note.GNU-stack)
LOAD c:/devkitpro/devkitarm/bin/../lib/gcc/arm-none-eabi/8.1.0/../../../../arm-none-eabi/lib/thumb/gba_crt0.o
LOAD c:/devkitpro/devkitarm/bin/../lib/gcc/arm-none-eabi/8.1.0/thumb/crti.o
LOAD c:/devkitpro/devkitarm/bin/../lib/gcc/arm-none-eabi/8.1.0/thumb/crtbegin.o
LOAD main.o
LOAD such.o
LOAD balls.o
LOAD C:/devkitPro/libgba/lib\libmm.a
LOAD c:/devkitpro/devkitarm/bin/../lib/gcc/arm-none-eabi/8.1.0/../../../../arm-none-eabi/lib\libheart.a
START GROUP
LOAD c:/devkitpro/devkitarm/bin/../lib/gcc/arm-none-eabi/8.1.0/thumb\libgcc.a
LOAD c:/devkitpro/devkitarm/bin/../lib/gcc/arm-none-eabi/8.1.0/../../../../arm-none-eabi/lib/thumb\libg.a
LOAD c:/devkitpro/devkitarm/bin/../lib/gcc/arm-none-eabi/8.1.0/../../../../arm-none-eabi/lib/thumb\libc.a
LOAD c:/devkitpro/devkitarm/bin/../lib/gcc/arm-none-eabi/8.1.0/../../../../arm-none-eabi/lib/thumb\libsysbase.a
END GROUP
LOAD c:/devkitpro/devkitarm/bin/../lib/gcc/arm-none-eabi/8.1.0/thumb/crtend.o
LOAD c:/devkitpro/devkitarm/bin/../lib/gcc/arm-none-eabi/8.1.0/thumb/crtn.o
OUTPUT(C:/Users/nickm/Documents/GitHub/HeartLib/rewrite/Examples/interrupt/interrupt.elf elf32-littlearm)
